Component: ARM Compiler 5.06 update 7 (build 960) Tool: armlink [4d3601]

==============================================================================

Section Cross References

    foc.o(i.CCRCalculate) refers to fflt_clz.o(x$fpl$ffltu) for __aeabi_ui2f
    foc.o(i.CCRCalculate) refers to faddsub_clz.o(x$fpl$fadd) for __aeabi_fadd
    foc.o(i.CCRCalculate) refers to fleqf.o(x$fpl$fleqf) for __aeabi_cfcmple
    foc.o(i.CCRCalculate) refers to fdiv.o(x$fpl$fdiv) for __aeabi_fdiv
    foc.o(i.CCRCalculate) refers to fmul.o(x$fpl$fmul) for __aeabi_fmul
    foc.o(i.CCRCalculate) refers to faddsub_clz.o(x$fpl$fsub) for __aeabi_fsub
    foc.o(i.CCRCalculate) refers to scalbnf.o(x$fpl$scalbnf) for __ARM_scalbnf
    foc.o(i.CCRCalculate) refers to ffixu.o(x$fpl$ffixu) for __aeabi_f2uiz
    foc.o(i.RevPark) refers to ffix.o(x$fpl$ffix) for __aeabi_f2iz
    foc.o(i.RevPark) refers to IQNcosPU.o(_IQ24cosPU) for _IQ24cosPU
    foc.o(i.RevPark) refers to IQNsinPU.o(_IQ24sinPU) for _IQ24sinPU
    foc.o(i.RevPark) refers to scalbnf.o(x$fpl$scalbnf) for __ARM_scalbnf
    foc.o(i.RevPark) refers to IQNmpy.o(_IQ24mpy) for _IQ24mpy
    foc.o(i.RevPark) refers to IQNtoF.o(_IQ24toF) for _IQ24toF
    foc.o(i.SectorJudge) refers to scalbnf.o(x$fpl$scalbnf) for __ARM_scalbnf
    foc.o(i.SectorJudge) refers to ffix.o(x$fpl$ffix) for __aeabi_f2iz
    foc.o(i.SectorJudge) refers to IQNmpy.o(_IQ24mpy) for _IQ24mpy
    foc.o(i.SectorJudge) refers to IQNtoF.o(_IQ24toF) for _IQ24toF
    foc.o(i.Svpwm) refers to foc.o(i.RevPark) for RevPark
    foc.o(i.Svpwm) refers to foc.o(i.SectorJudge) for SectorJudge
    foc.o(i.Svpwm) refers to foc.o(i.VectorActiontime) for VectorActiontime
    foc.o(i.Svpwm) refers to foc.o(i.CCRCalculate) for CCRCalculate
    foc.o(i.Svpwm) refers to tim.o(.bss) for htim1
    foc.o(i.VectorActiontime) refers to dflt_clz.o(x$fpl$dfltu) for __aeabi_ui2d
    foc.o(i.VectorActiontime) refers to dmul.o(x$fpl$dmul) for __aeabi_dmul
    foc.o(i.VectorActiontime) refers to ddiv.o(x$fpl$ddiv) for __aeabi_ddiv
    foc.o(i.VectorActiontime) refers to dfixu.o(x$fpl$dfixu) for __aeabi_d2uiz
    foc.o(i.VectorActiontime) refers to scalbnf.o(x$fpl$scalbnf) for __ARM_scalbnf
    foc.o(i.VectorActiontime) refers to ffix.o(x$fpl$ffix) for __aeabi_f2iz
    foc.o(i.VectorActiontime) refers to IQNmpy.o(_IQ24mpy) for _IQ24mpy
    foc.o(i.VectorActiontime) refers to IQNtoF.o(_IQ24toF) for _IQ24toF
    main.o(i.HAL_TIM_PeriodElapsedCallback) refers to foc.o(i.Svpwm) for Svpwm
    main.o(i.HAL_TIM_PeriodElapsedCallback) refers to faddsub_clz.o(x$fpl$fadd) for __aeabi_fadd
    main.o(i.HAL_TIM_PeriodElapsedCallback) refers to main.o(.data) for .data
    main.o(i.SystemClock_Config) refers to rt_memclr_w.o(.text) for __aeabi_memclr4
    main.o(i.SystemClock_Config) refers to stm32f1xx_hal_rcc.o(i.HAL_RCC_OscConfig) for HAL_RCC_OscConfig
    main.o(i.SystemClock_Config) refers to stm32f1xx_hal_rcc.o(i.HAL_RCC_ClockConfig) for HAL_RCC_ClockConfig
    main.o(i.main) refers to stm32f1xx_hal.o(i.HAL_Init) for HAL_Init
    main.o(i.main) refers to main.o(i.SystemClock_Config) for SystemClock_Config
    main.o(i.main) refers to gpio.o(i.MX_GPIO_Init) for MX_GPIO_Init
    main.o(i.main) refers to tim.o(i.MX_TIM1_Init) for MX_TIM1_Init
    main.o(i.main) refers to tim.o(i.MX_TIM2_Init) for MX_TIM2_Init
    main.o(i.main) refers to stm32f1xx_hal_gpio.o(i.HAL_GPIO_WritePin) for HAL_GPIO_WritePin
    main.o(i.main) refers to stm32f1xx_hal_tim.o(i.HAL_TIM_PWM_Start) for HAL_TIM_PWM_Start
    main.o(i.main) refers to stm32f1xx_hal_tim.o(i.HAL_TIM_Base_Start_IT) for HAL_TIM_Base_Start_IT
    main.o(i.main) refers to tim.o(.bss) for htim1
    gpio.o(i.MX_GPIO_Init) refers to stm32f1xx_hal_gpio.o(i.HAL_GPIO_WritePin) for HAL_GPIO_WritePin
    gpio.o(i.MX_GPIO_Init) refers to stm32f1xx_hal_gpio.o(i.HAL_GPIO_Init) for HAL_GPIO_Init
    tim.o(i.HAL_TIM_Base_MspDeInit) refers to stm32f1xx_hal_cortex.o(i.HAL_NVIC_DisableIRQ) for HAL_NVIC_DisableIRQ
    tim.o(i.HAL_TIM_Base_MspInit) refers to stm32f1xx_hal_cortex.o(i.HAL_NVIC_SetPriority) for HAL_NVIC_SetPriority
    tim.o(i.HAL_TIM_Base_MspInit) refers to stm32f1xx_hal_cortex.o(i.HAL_NVIC_EnableIRQ) for HAL_NVIC_EnableIRQ
    tim.o(i.HAL_TIM_MspPostInit) refers to stm32f1xx_hal_gpio.o(i.HAL_GPIO_Init) for HAL_GPIO_Init
    tim.o(i.MX_TIM1_Init) refers to rt_memclr_w.o(.text) for __aeabi_memclr4
    tim.o(i.MX_TIM1_Init) refers to stm32f1xx_hal_tim.o(i.HAL_TIM_Base_Init) for HAL_TIM_Base_Init
    tim.o(i.MX_TIM1_Init) refers to main.o(i.Error_Handler) for Error_Handler
    tim.o(i.MX_TIM1_Init) refers to stm32f1xx_hal_tim.o(i.HAL_TIM_ConfigClockSource) for HAL_TIM_ConfigClockSource
    tim.o(i.MX_TIM1_Init) refers to stm32f1xx_hal_tim.o(i.HAL_TIM_PWM_Init) for HAL_TIM_PWM_Init
    tim.o(i.MX_TIM1_Init) refers to stm32f1xx_hal_tim_ex.o(i.HAL_TIMEx_MasterConfigSynchronization) for HAL_TIMEx_MasterConfigSynchronization
[...]
    Removing stm32f1xx_hal_pwr.o(.rrx_text), (6 bytes).
    Removing stm32f1xx_hal_pwr.o(i.HAL_PWR_ConfigPVD), (124 bytes).
    Removing stm32f1xx_hal_pwr.o(i.HAL_PWR_DeInit), (24 bytes).
    Removing stm32f1xx_hal_pwr.o(i.HAL_PWR_DisableBkUpAccess), (12 bytes).
    Removing stm32f1xx_hal_pwr.o(i.HAL_PWR_DisablePVD), (12 bytes).
    Removing stm32f1xx_hal_pwr.o(i.HAL_PWR_DisableSEVOnPend), (16 bytes).
    Removing stm32f1xx_hal_pwr.o(i.HAL_PWR_DisableSleepOnExit), (16 bytes).
    Removing stm32f1xx_hal_pwr.o(i.HAL_PWR_DisableWakeUpPin), (28 bytes).
    Removing stm32f1xx_hal_pwr.o(i.HAL_PWR_EnableBkUpAccess), (12 bytes).
    Removing stm32f1xx_hal_pwr.o(i.HAL_PWR_EnablePVD), (12 bytes).
    Removing stm32f1xx_hal_pwr.o(i.HAL_PWR_EnableSEVOnPend), (16 bytes).
    Removing stm32f1xx_hal_pwr.o(i.HAL_PWR_EnableSleepOnExit), (16 bytes).
    Removing stm32f1xx_hal_pwr.o(i.HAL_PWR_EnableWakeUpPin), (28 bytes).
    Removing stm32f1xx_hal_pwr.o(i.HAL_PWR_EnterSLEEPMode), (32 bytes).
    Removing stm32f1xx_hal_pwr.o(i.HAL_PWR_EnterSTANDBYMode), (32 bytes).
    Removing stm32f1xx_hal_pwr.o(i.HAL_PWR_EnterSTOPMode), (68 bytes).
    Removing stm32f1xx_hal_pwr.o(i.HAL_PWR_PVDCallback), (2 bytes).
    Removing stm32f1xx_hal_pwr.o(i.HAL_PWR_PVD_IRQHandler), (28 bytes).
    Removing stm32f1xx_hal_pwr.o(i.PWR_OverloadWfe), (6 bytes).
    Removing stm32f1xx_hal_flash.o(.rev16_text), (4 bytes).
    Removing stm32f1xx_hal_flash.o(.revsh_text), (4 bytes).
    Removing stm32f1xx_hal_flash.o(.rrx_text), (6 bytes).
    Removing stm32f1xx_hal_flash.o(i.FLASH_Program_HalfWord), (28 bytes).
    Removing stm32f1xx_hal_flash.o(i.FLASH_SetErrorCode), (92 bytes).
    Removing stm32f1xx_hal_flash.o(i.FLASH_WaitForLastOperation), (84 bytes).
    Removing stm32f1xx_hal_flash.o(i.HAL_FLASH_EndOfOperationCallback), (2 bytes).
    Removing stm32f1xx_hal_flash.o(i.HAL_FLASH_GetError), (12 bytes).
    Removing stm32f1xx_hal_flash.o(i.HAL_FLASH_IRQHandler), (264 bytes).
    Removing stm32f1xx_hal_flash.o(i.HAL_FLASH_Lock), (20 bytes).
    Removing stm32f1xx_hal_flash.o(i.HAL_FLASH_OB_Launch), (4 bytes).
    Removing stm32f1xx_hal_flash.o(i.HAL_FLASH_OB_Lock), (20 bytes).
    Removing stm32f1xx_hal_flash.o(i.HAL_FLASH_OB_Unlock), (36 bytes).
    Removing stm32f1xx_hal_flash.o(i.HAL_FLASH_OperationErrorCallback), (2 bytes).
    Removing stm32f1xx_hal_flash.o(i.HAL_FLASH_Program), (128 bytes).
    Removing stm32f1xx_hal_flash.o(i.HAL_FLASH_Program_IT), (100 bytes).
    Removing stm32f1xx_hal_flash.o(i.HAL_FLASH_Unlock), (40 bytes).
    Removing stm32f1xx_hal_flash.o(.bss), (32 bytes).
    Removing stm32f1xx_hal_flash_ex.o(.rev16_text), (4 bytes).
    Removing stm32f1xx_hal_flash_ex.o(.revsh_text), (4 bytes).
    Removing stm32f1xx_hal_flash_ex.o(.rrx_text), (6 bytes).
    Removing stm32f1xx_hal_flash_ex.o(i.FLASH_MassErase), (36 bytes).
    Removing stm32f1xx_hal_flash_ex.o(i.FLASH_OB_DisableWRP), (176 bytes).
    Removing stm32f1xx_hal_flash_ex.o(i.FLASH_OB_EnableWRP), (176 bytes).
    Removing stm32f1xx_hal_flash_ex.o(i.FLASH_OB_GetRDP), (24 bytes).
    Removing stm32f1xx_hal_flash_ex.o(i.FLASH_OB_RDP_LevelConfig), (100 bytes).
    Removing stm32f1xx_hal_flash_ex.o(i.FLASH_PageErase), (36 bytes).
    Removing stm32f1xx_hal_flash_ex.o(i.HAL_FLASHEx_Erase), (168 bytes).
    Removing stm32f1xx_hal_flash_ex.o(i.HAL_FLASHEx_Erase_IT), (84 bytes).
    Removing stm32f1xx_hal_flash_ex.o(i.HAL_FLASHEx_OBErase), (84 bytes).
    Removing stm32f1xx_hal_flash_ex.o(i.HAL_FLASHEx_OBGetConfig), (36 bytes).
    Removing stm32f1xx_hal_flash_ex.o(i.HAL_FLASHEx_OBGetUserData), (32 bytes).
    Removing stm32f1xx_hal_flash_ex.o(i.HAL_FLASHEx_OBProgram), (200 bytes).
    Removing stm32f1xx_hal_exti.o(.rev16_text), (4 bytes).
    Removing stm32f1xx_hal_exti.o(.revsh_text), (4 bytes).
    Removing stm32f1xx_hal_exti.o(.rrx_text), (6 bytes).
    Removing stm32f1xx_hal_exti.o(i.HAL_EXTI_ClearConfigLine), (104 bytes).
    Removing stm32f1xx_hal_exti.o(i.HAL_EXTI_ClearPending), (20 bytes).
    Removing stm32f1xx_hal_exti.o(i.HAL_EXTI_GenerateSWI), (20 bytes).
    Removing stm32f1xx_hal_exti.o(i.HAL_EXTI_GetConfigLine), (140 bytes).
    Removing stm32f1xx_hal_exti.o(i.HAL_EXTI_GetHandle), (12 bytes).
    Removing stm32f1xx_hal_exti.o(i.HAL_EXTI_GetPending), (24 bytes).
    Removing stm32f1xx_hal_exti.o(i.HAL_EXTI_IRQHandler), (36 bytes).
    Removing stm32f1xx_hal_exti.o(i.HAL_EXTI_RegisterCallback), (14 bytes).
    Removing stm32f1xx_hal_exti.o(i.HAL_EXTI_SetConfigLine), (164 bytes).
    Removing system_stm32f1xx.o(.rev16_text), (4 bytes).
    Removing system_stm32f1xx.o(.revsh_text), (4 bytes).
    Removing system_stm32f1xx.o(.rrx_text), (6 bytes).
    Removing system_stm32f1xx.o(i.SystemCoreClockUpdate), (104 bytes).
    Removing system_stm32f1xx.o(i.SystemInit), (2 bytes).
    Removing system_stm32f1xx.o(.constdata), (8 bytes).
    Removing IQNcosPU.o(_IQ1cosPU), (48 bytes).
    Removing IQNcosPU.o(_IQ2cosPU), (48 bytes).
    Removing IQNcosPU.o(_IQ3cosPU), (48 bytes).
    Removing IQNcosPU.o(_IQ4cosPU), (48 bytes).
    Removing IQNcosPU.o(_IQ5cosPU), (48 bytes).
    Removing IQNcosPU.o(_IQ6cosPU), (48 bytes).
    Removing IQNcosPU.o(_IQ7cosPU), (48 bytes).
    Removing IQNcosPU.o(_IQ8cosPU), (48 bytes).
    Removing IQNcosPU.o(_IQ9cosPU), (48 bytes).
    Removing IQNcosPU.o(_IQ10cosPU), (48 bytes).
    Removing IQNcosPU.o(_IQ11cosPU), (116 bytes).
    Removing IQNcosPU.o(_IQ12cosPU), (128 bytes).
    Removing IQNcosPU.o(_IQ13cosPU), (128 bytes).
    Removing IQNcosPU.o(_IQ14cosPU), (128 bytes).
    Removing IQNcosPU.o(_IQ15cosPU), (128 bytes).
    Removing IQNcosPU.o(_IQ16cosPU), (128 bytes).
    Removing IQNcosPU.o(_IQ17cosPU), (128 bytes).
    Removing IQNcosPU.o(_IQ18cosPU), (128 bytes).
    Removing IQNcosPU.o(_IQ19cosPU), (128 bytes).
    Removing IQNcosPU.o(_IQ20cosPU), (128 bytes).
    Removing IQNcosPU.o(_IQ21cosPU), (128 bytes).
    Removing IQNcosPU.o(_IQ22cosPU), (128 bytes).
    Removing IQNcosPU.o(_IQ23cosPU), (128 bytes).
    Removing IQNcosPU.o(_IQ25cosPU), (128 bytes).
    Removing IQNcosPU.o(_IQ26cosPU), (128 bytes).
    Removing IQNcosPU.o(_IQ27cosPU), (128 bytes).
    Removing IQNcosPU.o(_IQ28cosPU), (144 bytes).
    Removing IQNcosPU.o(_IQ29cosPU), (168 bytes).
    Removing IQNcosPU.o(_IQ30cosPU), (164 bytes).
    Removing IQNmpy.o(_IQ1mpy), (16 bytes).
    Removing IQNmpy.o(_IQ2mpy), (16 bytes).
    Removing IQNmpy.o(_IQ3mpy), (16 bytes).
    Removing IQNmpy.o(_IQ4mpy), (16 bytes).
    Removing IQNmpy.o(_IQ5mpy), (16 bytes).
    Removing IQNmpy.o(_IQ6mpy), (16 bytes).
    Removing IQNmpy.o(_IQ7mpy), (16 bytes).
    Removing IQNmpy.o(_IQ8mpy), (16 bytes).
    Removing IQNmpy.o(_IQ9mpy), (16 bytes).
    Removing IQNmpy.o(_IQ10mpy), (16 bytes).
    Removing IQNmpy.o(_IQ11mpy), (16 bytes).
    Removing IQNmpy.o(_IQ12mpy), (16 bytes).
    Removing IQNmpy.o(_IQ13mpy), (16 bytes).
    Removing IQNmpy.o(_IQ14mpy), (16 bytes).
    Removing IQNmpy.o(_IQ15mpy), (16 bytes).
    Removing IQNmpy.o(_IQ16mpy), (16 bytes).
    Removing IQNmpy.o(_IQ17mpy), (16 bytes).
    Removing IQNmpy.o(_IQ18mpy), (16 bytes).
    Removing IQNmpy.o(_IQ19mpy), (16 bytes).
    Removing IQNmpy.o(_IQ20mpy), (16 bytes).
    Removing IQNmpy.o(_IQ21mpy), (16 bytes).
    Removing IQNmpy.o(_IQ22mpy), (16 bytes).
    Removing IQNmpy.o(_IQ23mpy), (16 bytes).
    Removing IQNmpy.o(_IQ25mpy), (16 bytes).
    Removing IQNmpy.o(_IQ26mpy), (16 bytes).
    Removing IQNmpy.o(_IQ27mpy), (16 bytes).
    Removing IQNmpy.o(_IQ28mpy), (16 bytes).
    Removing IQNmpy.o(_IQ29mpy), (16 bytes).
    Removing IQNmpy.o(_IQ30mpy), (16 bytes).
    Removing IQNsinPU.o(_IQ1sinPU), (44 bytes).
    Removing IQNsinPU.o(_IQ2sinPU), (44 bytes).
    Removing IQNsinPU.o(_IQ3sinPU), (44 bytes).
    Removing IQNsinPU.o(_IQ4sinPU), (44 bytes).
    Removing IQNsinPU.o(_IQ5sinPU), (44 bytes).
    Removing IQNsinPU.o(_IQ6sinPU), (44 bytes).
    Removing IQNsinPU.o(_IQ7sinPU), (44 bytes).
    Removing IQNsinPU.o(_IQ8sinPU), (44 bytes).
    Removing IQNsinPU.o(_IQ9sinPU), (44 bytes).
    Removing IQNsinPU.o(_IQ10sinPU), (44 bytes).
    Removing IQNsinPU.o(_IQ11sinPU), (112 bytes).
    Removing IQNsinPU.o(_IQ12sinPU), (124 bytes).
    Removing IQNsinPU.o(_IQ13sinPU), (124 bytes).
    Removing IQNsinPU.o(_IQ14sinPU), (124 bytes).
    Removing IQNsinPU.o(_IQ15sinPU), (124 bytes).
    Removing IQNsinPU.o(_IQ16sinPU), (124 bytes).
    Removing IQNsinPU.o(_IQ17sinPU), (124 bytes).
    Removing IQNsinPU.o(_IQ18sinPU), (124 bytes).
    Removing IQNsinPU.o(_IQ19sinPU), (124 bytes).
    Removing IQNsinPU.o(_IQ20sinPU), (124 bytes).
    Removing IQNsinPU.o(_IQ21sinPU), (124 bytes).
    Removing IQNsinPU.o(_IQ22sinPU), (124 bytes).
    Removing IQNsinPU.o(_IQ23sinPU), (124 bytes).
    Removing IQNsinPU.o(_IQ25sinPU), (124 bytes).
    Removing IQNsinPU.o(_IQ26sinPU), (124 bytes).
    Removing IQNsinPU.o(_IQ27sinPU), (124 bytes).
    Removing IQNsinPU.o(_IQ28sinPU), (140 bytes).
    Removing IQNsinPU.o(_IQ29sinPU), (164 bytes).
    Removing IQNsinPU.o(_IQ30sinPU), (160 bytes).
    Removing IQNtoF.o(_IQ1toF), (36 bytes).
    Removing IQNtoF.o(_IQ2toF), (36 bytes).
    Removing IQNtoF.o(_IQ3toF), (36 bytes).
    Removing IQNtoF.o(_IQ4toF), (36 bytes).
    Removing IQNtoF.o(_IQ5toF), (36 bytes).
    Removing IQNtoF.o(_IQ6toF), (36 bytes).
    Removing IQNtoF.o(_IQ7toF), (36 bytes).
    Removing IQNtoF.o(_IQ8toF), (36 bytes).
    Removing IQNtoF.o(_IQ9toF), (36 bytes).
    Removing IQNtoF.o(_IQ10toF), (36 bytes).
    Removing IQNtoF.o(_IQ11toF), (36 bytes).
    Removing IQNtoF.o(_IQ12toF), (36 bytes).
    Removing IQNtoF.o(_IQ13toF), (36 bytes).
    Removing IQNtoF.o(_IQ14toF), (36 bytes).
    Removing IQNtoF.o(_IQ15toF), (36 bytes).
    Removing IQNtoF.o(_IQ16toF), (36 bytes).
    Removing IQNtoF.o(_IQ17toF), (36 bytes).
    Removing IQNtoF.o(_IQ18toF), (36 bytes).
    Removing IQNtoF.o(_IQ19toF), (36 bytes).
    Removing IQNtoF.o(_IQ20toF), (36 bytes).
    Removing IQNtoF.o(_IQ21toF), (36 bytes).
    Removing IQNtoF.o(_IQ22toF), (36 bytes).
    Removing IQNtoF.o(_IQ23toF), (36 bytes).
    Removing IQNtoF.o(_IQ25toF), (36 bytes).
    Removing IQNtoF.o(_IQ26toF), (36 bytes).
    Removing IQNtoF.o(_IQ27toF), (36 bytes).
    Removing IQNtoF.o(_IQ28toF), (36 bytes).
    Removing IQNtoF.o(_IQ29toF), (36 bytes).
    Removing IQNtoF.o(_IQ30toF), (36 bytes).
    Removing IQtables.o(asin_table_flat), (252 bytes).
    Removing IQtables.o(asin_table_polynomial), (6144 bytes).
    Removing IQtables.o(atan2PU_table), (3072 bytes).
    Removing IQtables.o(div_table), (2048 bytes).
    Removing IQtables.o(isqrt_table), (2048 bytes).

441 unused section(s) (total 41884 bytes) removed from the image.

==============================================================================

Image Symbol Table

    Local Symbols

    Symbol Name                              Value     Ov Type        Size  Object(Section)

    ../Core/Src/gpio.c                       0x00000000   Number         0  gpio.o ABSOLUTE
    ../Core/Src/main.c                       0x00000000   Number         0  main.o ABSOLUTE
    ../Core/Src/stm32f1xx_hal_msp.c          0x00000000   Number         0  stm32f1xx_hal_msp.o ABSOLUTE
    ../Core/Src/stm32f1xx_it.c               0x00000000   Number         0  stm32f1xx_it.o ABSOLUTE
    ../Core/Src/system_stm32f1xx.c           0x00000000   Number         0  system_stm32f1xx.o ABSOLUTE
    ../Core/Src/tim.c                        0x00000000   Number         0  tim.o ABSOLUTE
    ../Drivers/STM32F1xx_HAL_Driver/Src/stm32f1xx_hal.c 0x00000000   Number         0  stm32f1xx_hal.o ABSOLUTE
    ../Drivers/STM32F1xx_HAL_Driver/Src/stm32f1xx_hal_cortex.c 0x00000000   Number         0  stm32f1xx_hal_cortex.o ABSOLUTE
    ../Drivers/STM32F1xx_HAL_Driver/Src/stm32f1xx_hal_dma.c 0x00000000   Number         0  stm32f1xx_hal_dma.o ABSOLUTE
    ../Drivers/STM32F1xx_HAL_Driver/Src/stm32f1xx_hal_exti.c 0x00000000   Number         0  stm32f1xx_hal_exti.o ABSOLUTE
    ../Drivers/STM32F1xx_HAL_Driver/Src/stm32f1xx_hal_flash.c 0x00000000   Number         0  stm32f1xx_hal_flash.o ABSOLUTE
    ../Drivers/STM32F1xx_HAL_Driver/Src/stm32f1xx_hal_flash_ex.c 0x00000000   Number         0  stm32f1xx_hal_flash_ex.o ABSOLUTE
    ../Drivers/STM32F1xx_HAL_Driver/Src/stm32f1xx_hal_gpio.c 0x00000000   Number         0  stm32f1xx_hal_gpio.o ABSOLUTE
    ../Drivers/STM32F1xx_HAL_Driver/Src/stm32f1xx_hal_gpio_ex.c 0x00000000   Number         0  stm32f1xx_hal_gpio_ex.o ABSOLUTE
    ../Drivers/STM32F1xx_HAL_Driver/Src/stm32f1xx_hal_pwr.c 0x00000000   Number         0  stm32f1xx_hal_pwr.o ABSOLUTE
    ../Drivers/STM32F1xx_HAL_Driver/Src/stm32f1xx_hal_rcc.c 0x00000000   Number         0  stm32f1xx_hal_rcc.o ABSOLUTE
    ../Drivers/STM32F1xx_HAL_Driver/Src/stm32f1xx_hal_rcc_ex.c 0x00000000   Number         0  stm32f1xx_hal_rcc_ex.o ABSOLUTE
    ../Drivers/STM32F1xx_HAL_Driver/Src/stm32f1xx_hal_tim.c 0x00000000   Number         0  stm32f1xx_hal_tim.o ABSOLUTE
    ../Drivers/STM32F1xx_HAL_Driver/Src/stm32f1xx_hal_tim_ex.c 0x00000000   Number         0  stm32f1xx_hal_tim_ex.o ABSOLUTE
    ../clib/angel/boardlib.s                 0x00000000   Number         0  boardinit1.o ABSOLUTE
    ../clib/angel/boardlib.s                 0x00000000   Number         0  boardinit2.o ABSOLUTE
    ../clib/angel/boardlib.s                 0x00000000   Number         0  boardinit3.o ABSOLUTE
    ../clib/angel/boardlib.s                 0x00000000   Number         0  boardshut.o ABSOLUTE
    ../clib/angel/handlers.s                 0x00000000   Number         0  __scatter_copy.o ABSOLUTE
    ../clib/angel/handlers.s                 0x00000000   Number         0  __scatter_zi.o ABSOLUTE
    ../clib/angel/kernel.s                   0x00000000   Number         0  rtexit2.o ABSOLUTE
    ../clib/angel/kernel.s                   0x00000000   Number         0  __rtentry.o ABSOLUTE
    ../clib/angel/kernel.s                   0x00000000   Number         0  __rtentry2.o ABSOLUTE
    ../clib/angel/kernel.s                   0x00000000   Number         0  rtexit.o ABSOLUTE
    ../clib/angel/kernel.s                   0x00000000   Number         0  __rtentry4.o ABSOLUTE
    ../clib/angel/rt.s                       0x00000000   Number         0  rt_raise.o ABSOLUTE
    ../clib/angel/scatter.s                  0x00000000   Number         0  __scatter.o ABSOLUTE
    ../clib/angel/startup.s                  0x00000000   Number         0  __main.o ABSOLUTE
    ../clib/angel/sys.s                      0x00000000   Number         0  sys_stackheap_outer.o ABSOLUTE
    ../clib/angel/sys.s                      0x00000000   Number         0  libspace.o ABSOLUTE
    ../clib/angel/sys.s                      0x00000000   Number         0  indicate_semi.o ABSOLUTE
    ../clib/angel/sys.s                      0x00000000   Number         0  use_no_semi.o ABSOLUTE
    ../clib/angel/sysapp.c                   0x00000000   Number         0  sys_exit.o ABSOLUTE
    ../clib/angel/sysapp.c                   0x00000000   Number         0  sys_wrch.o ABSOLUTE
    ../clib/angel/sysapp.c                   0x00000000   Number         0  sys_command.o ABSOLUTE
    ../clib/armsys.c                         0x00000000   Number         0  argv_veneer.o ABSOLUTE
    ../clib/armsys.c                         0x00000000   Number         0  argv_veneer.o ABSOLUTE
    ../clib/armsys.c                         0x00000000   Number         0  _get_argv_nomalloc.o ABSOLUTE
    ../clib/armsys.c                         0x00000000   Number         0  no_argv.o ABSOLUTE
    ../clib/heapalloc.c                      0x00000000   Number         0  hrguard.o ABSOLUTE
    ../clib/heapaux.c                        0x00000000   Number         0  heapauxi.o ABSOLUTE
    ../clib/libinit.s                        0x00000000   Number         0  libshutdown2.o ABSOLUTE
    ../clib/libinit.s                        0x00000000   Number         0  libshutdown.o ABSOLUTE
    ../clib/libinit.s                        0x00000000   Number         0  libinit.o ABSOLUTE
    ../clib/libinit.s                        0x00000000   Number         0  libinit2.o ABSOLUTE
    ../clib/longlong.s                       0x00000000   Number         0  llushr.o ABSOLUTE
    ../clib/memcpset.s                       0x00000000   Number         0  rt_memclr_w.o ABSOLUTE
    ../clib/signal.c                         0x00000000   Number         0  defsig_rtmem_inner.o ABSOLUTE
    ../clib/signal.c                         0x00000000   Number         0  defsig_segv_inner.o ABSOLUTE
    ../clib/signal.c                         0x00000000   Number         0  defsig_stak_inner.o ABSOLUTE
    ../clib/signal.c                         0x00000000   Number         0  defsig_rtmem_outer.o ABSOLUTE
    ../clib/signal.c                         0x00000000   Number         0  defsig_rtmem_formal.o ABSOLUTE
    ../clib/signal.c                         0x00000000   Number         0  defsig_abrt_inner.o ABSOLUTE
    ../clib/signal.c                         0x00000000   Number         0  defsig_cppl_inner.o ABSOLUTE
    ../clib/signal.c                         0x00000000   Number         0  defsig_pvfn_inner.o ABSOLUTE
    ../clib/signal.c                         0x00000000   Number         0  defsig_rtred_inner.o ABSOLUTE
    ../clib/signal.c                         0x00000000   Number         0  defsig_fpe_inner.o ABSOLUTE
    ../clib/signal.c                         0x00000000   Number         0  defsig_general.o ABSOLUTE
    ../clib/signal.c                         0x00000000   Number         0  __raise.o ABSOLUTE
    ../clib/signal.c                         0x00000000   Number         0  defsig_exit.o ABSOLUTE
    ../clib/signal.c                         0x00000000   Number         0  defsig_other.o ABSOLUTE
    ../clib/signal.s                         0x00000000   Number         0  defsig.o ABSOLUTE
    ../clib/stdlib.c                         0x00000000   Number         0  exit.o ABSOLUTE
    ../fplib/ddiv.s                          0x00000000   Number         0  ddiv.o ABSOLUTE
    ../fplib/dfixu.s                         0x00000000   Number         0  dfixu.o ABSOLUTE
    ../fplib/dflt.s                          0x00000000   Number         0  dflt_clz.o ABSOLUTE
    ../fplib/dmul.s                          0x00000000   Number         0  dmul.o ABSOLUTE
    ../fplib/dnaninf.s                       0x00000000   Number         0  dnaninf.o ABSOLUTE
    ../fplib/dretinf.s                       0x00000000   Number         0  dretinf.o ABSOLUTE
    ../fplib/faddsub.s                       0x00000000   Number         0  faddsub_clz.o ABSOLUTE
    ../fplib/fcheck1.s                       0x00000000   Number         0  fcheck1.o ABSOLUTE
    ../fplib/fcmpi.s                         0x00000000   Number         0  fcmpi.o ABSOLUTE
    ../fplib/fdiv.s                          0x00000000   Number         0  fdiv.o ABSOLUTE
    ../fplib/ffix.s                          0x00000000   Number         0  ffix.o ABSOLUTE
    ../fplib/ffixu.s                         0x00000000   Number         0  ffixu.o ABSOLUTE
    ../fplib/fflt.s                          0x00000000   Number         0  fflt_clz.o ABSOLUTE
    ../fplib/fleqf.s                         0x00000000   Number         0  fleqf.o ABSOLUTE
    ../fplib/fmul.s                          0x00000000   Number         0  fmul.o ABSOLUTE
    ../fplib/fnaninf.s                       0x00000000   Number         0  fnaninf.o ABSOLUTE
    ../fplib/fpinit.s                        0x00000000   Number         0  fpinit.o ABSOLUTE
    ../fplib/fretinf.s                       0x00000000   Number         0  fretinf.o ABSOLUTE
    ../fplib/retnan.s                        0x00000000   Number         0  retnan.o ABSOLUTE
    ../fplib/scalbnf.s                       0x00000000   Number         0  scalbnf.o ABSOLUTE
    ../fplib/trapv.s                         0x00000000   Number         0  trapv.o ABSOLUTE
    ../fplib/usenofp.s                       0x00000000   Number         0  usenofp.o ABSOLUTE
    ..\Core\Src\foc.c                        0x00000000   Number         0  foc.o ABSOLUTE
    ..\Core\Src\gpio.c                       0x00000000   Number         0  gpio.o ABSOLUTE
    ..\Core\Src\main.c                       0x00000000   Number         0  main.o ABSOLUTE
    ..\Core\Src\stm32f1xx_hal_msp.c          0x00000000   Number         0  stm32f1xx_hal_msp.o ABSOLUTE
    ..\Core\Src\stm32f1xx_it.c               0x00000000   Number         0  stm32f1xx_it.o ABSOLUTE
    ..\Core\Src\system_stm32f1xx.c           0x00000000   Number         0  system_stm32f1xx.o ABSOLUTE
    ..\Core\Src\tim.c                        0x00000000   Number         0  tim.o ABSOLUTE
    ..\Drivers\STM32F1xx_HAL_Driver\Src\stm32f1xx_hal.c 0x00000000   Number         0  stm32f1xx_hal.o ABSOLUTE
    ..\Drivers\STM32F1xx_HAL_Driver\Src\stm32f1xx_hal_cortex.c 0x00000000   Number         0  stm32f1xx_hal_cortex.o ABSOLUTE
    ..\Drivers\STM32F1xx_HAL_Driver\Src\stm32f1xx_hal_dma.c 0x00000000   Number         0  stm32f1xx_hal_dma.o ABSOLUTE
    ..\Drivers\STM32F1xx_HAL_Driver\Src\stm32f1xx_hal_exti.c 0x00000000   Number         0  stm32f1xx_hal_exti.o ABSOLUTE
    ..\Drivers\STM32F1xx_HAL_Driver\Src\stm32f1xx_hal_flash.c 0x00000000   Number         0  stm32f1xx_hal_flash.o ABSOLUTE
    ..\Drivers\STM32F1xx_HAL_Driver\Src\stm32f1xx_hal_flash_ex.c 0x00000000   Number         0  stm32f1xx_hal_flash_ex.o ABSOLUTE
    ..\Drivers\STM32F1xx_HAL_Driver\Src\stm32f1xx_hal_gpio.c 0x00000000   Number         0  stm32f1xx_hal_gpio.o ABSOLUTE
    ..\Drivers\STM32F1xx_HAL_Driver\Src\stm32f1xx_hal_gpio_ex.c 0x00000000   Number         0  stm32f1xx_hal_gpio_ex.o ABSOLUTE
    ..\Drivers\STM32F1xx_HAL_Driver\Src\stm32f1xx_hal_pwr.c 0x00000000   Number         0  stm32f1xx_hal_pwr.o ABSOLUTE
    ..\Drivers\STM32F1xx_HAL_Driver\Src\stm32f1xx_hal_rcc.c 0x00000000   Number         0  stm32f1xx_hal_rcc.o ABSOLUTE
    ..\Drivers\STM32F1xx_HAL_Driver\Src\stm32f1xx_hal_rcc_ex.c 0x00000000   Number         0  stm32f1xx_hal_rcc_ex.o ABSOLUTE
    ..\Drivers\STM32F1xx_HAL_Driver\Src\stm32f1xx_hal_tim.c 0x00000000   Number         0  stm32f1xx_hal_tim.o ABSOLUTE
    ..\Drivers\STM32F1xx_HAL_Driver\Src\stm32f1xx_hal_tim_ex.c 0x00000000   Number         0  stm32f1xx_hal_tim_ex.o ABSOLUTE
    ..\\Core\\Src\\foc.c                     0x00000000   Number         0  foc.o ABSOLUTE
    D:\startup_stm32f10x_md.s                0x00000000   Number         0  startup_stm32f10x_md.o ABSOLUTE
    dc.s                                     0x00000000   Number         0  dc.o ABSOLUTE
    keil\IQNcosPU.S                          0x00000000   Number         0  IQNcosPU.o ABSOLUTE
    keil\IQNmpy.S                            0x00000000   Number         0  IQNmpy.o ABSOLUTE
    keil\IQNsinPU.S                          0x00000000   Number         0  IQNsinPU.o ABSOLUTE
    keil\IQNtoF.S                            0x00000000   Number         0  IQNtoF.o ABSOLUTE
    keil\IQtables.S                          0x00000000   Number         0  IQtables.o ABSOLUTE
    RESET                                    0x08000000   Section      236  startup_stm32f10x_md.o(RESET)
    !!!main                                  0x080000ec   Section        8  __main.o(!!!main)
    !!!scatter                               0x080000f4   Section       52  __scatter.o(!!!scatter)
    !!handler_copy                           0x08000128   Section       26  __scatter_copy.o(!!handler_copy)
    !!handler_zi                             0x08000144   Section       28  __scatter_zi.o(!!handler_zi)
    .ARM.Collect$$libinit$$00000000          0x08000160   Section        2  libinit.o(.ARM.Collect$$libinit$$00000000)
    .ARM.Collect$$libinit$$00000002          0x08000162   Section        0  libinit2.o(.ARM.Collect$$libinit$$00000002)
    .ARM.Collect$$libinit$$00000004          0x08000162   Section        0  libinit2.o(.ARM.Collect$$libinit$$00000004)
    .ARM.Collect$$libinit$$0000000A          0x08000162   Section        0  libinit2.o(.ARM.Collect$$libinit$$0000000A)
    .ARM.Collect$$libinit$$0000000C          0x08000162   Section        0  libinit2.o(.ARM.Collect$$libinit$$0000000C)
    .ARM.Collect$$libinit$$0000000E          0x08000162   Section        0  libinit2.o(.ARM.Collect$$libinit$$0000000E)
    .ARM.Collect$$libinit$$00000011          0x08000162   Section        0  libinit2.o(.ARM.Collect$$libinit$$00000011)
    .ARM.Collect$$libinit$$00000013          0x08000162   Section        0  libinit2.o(.ARM.Collect$$libinit$$00000013)
    .ARM.Collect$$libinit$$00000015          0x08000162   Section        0  libinit2.o(.ARM.Collect$$libinit$$00000015)
    .ARM.Collect$$libinit$$00000017          0x08000162   Section        0  libinit2.o(.ARM.Collect$$libinit$$00000017)
    .ARM.Collect$$libinit$$00000019          0x08000162   Section        0  libinit2.o(.ARM.Collect$$libinit$$00000019)
    .ARM.Collect$$libinit$$0000001B          0x08000162   Section        0  libinit2.o(.ARM.Collect$$libinit$$0000001B)
    .ARM.Collect$$libinit$$0000001D          0x08000162   Section        0  libinit2.o(.ARM.Collect$$libinit$$0000001D)
    .ARM.Collect$$libinit$$0000001F          0x08000162   Section        0  libinit2.o(.ARM.Collect$$libinit$$0000001F)
    .ARM.Collect$$libinit$$00000021          0x08000162   Section        0  libinit2.o(.ARM.Collect$$libinit$$00000021)
    .ARM.Collect$$libinit$$00000023          0x08000162   Section        0  libinit2.o(.ARM.Collect$$libinit$$00000023)
    .ARM.Collect$$libinit$$00000025          0x08000162   Section        0  libinit2.o(.ARM.Collect$$libinit$$00000025)
    .ARM.Collect$$libinit$$0000002C          0x08000162   Section        0  libinit2.o(.ARM.Collect$$libinit$$0000002C)
    .ARM.Collect$$libinit$$0000002E          0x08000162   Section        0  libinit2.o(.ARM.Collect$$libinit$$0000002E)
    .ARM.Collect$$libinit$$00000030          0x08000162   Section        0  libinit2.o(.ARM.Collect$$libinit$$00000030)
    .ARM.Collect$$libinit$$00000032          0x08000162   Section        0  libinit2.o(.ARM.Collect$$libinit$$00000032)
    .ARM.Collect$$libinit$$00000033          0x08000162   Section        2  libinit2.o(.ARM.Collect$$libinit$$00000033)
    .ARM.Collect$$libshutdown$$00000000      0x08000164   Section        2  libshutdown.o(.ARM.Collect$$libshutdown$$00000000)
    .ARM.Collect$$libshutdown$$00000002      0x08000166   Section        0  libshutdown2.o(.ARM.Collect$$libshutdown$$00000002)
    .ARM.Collect$$libshutdown$$00000004      0x08000166   Section        0  libshutdown2.o(.ARM.Collect$$libshutdown$$00000004)
    .ARM.Collect$$libshutdown$$00000006      0x08000166   Section        0  libshutdown2.o(.ARM.Collect$$libshutdown$$00000006)
    .ARM.Collect$$libshutdown$$00000009      0x08000166   Section        0  libshutdown2.o(.ARM.Collect$$libshutdown$$00000009)
    .ARM.Collect$$libshutdown$$0000000C      0x08000166   Section        0  libshutdown2.o(.ARM.Collect$$libshutdown$$0000000C)
    .ARM.Collect$$libshutdown$$0000000E      0x08000166   Section        0  libshutdown2.o(.ARM.Collect$$libshutdown$$0000000E)
    .ARM.Collect$$libshutdown$$00000011      0x08000166   Section        0  libshutdown2.o(.ARM.Collect$$libshutdown$$00000011)
    .ARM.Collect$$libshutdown$$00000012      0x08000166   Section        2  libshutdown2.o(.ARM.Collect$$libshutdown$$00000012)
    .ARM.Collect$$rtentry$$00000000          0x08000168   Section        0  __rtentry.o(.ARM.Collect$$rtentry$$00000000)
    .ARM.Collect$$rtentry$$00000002          0x08000168   Section        0  __rtentry2.o(.ARM.Collect$$rtentry$$00000002)
    .ARM.Collect$$rtentry$$00000004          0x08000168   Section        6  __rtentry4.o(.ARM.Collect$$rtentry$$00000004)
    .ARM.Collect$$rtentry$$00000009          0x0800016e   Section        0  __rtentry2.o(.ARM.Collect$$rtentry$$00000009)
    .ARM.Collect$$rtentry$$0000000A          0x0800016e   Section        4  __rtentry2.o(.ARM.Collect$$rtentry$$0000000A)
    .ARM.Collect$$rtentry$$0000000C          0x08000172   Section        0  __rtentry2.o(.ARM.Collect$$rtentry$$0000000C)
    .ARM.Collect$$rtentry$$0000000D          0x08000172   Section        8  __rtentry2.o(.ARM.Collect$$rtentry$$0000000D)
    .ARM.Collect$$rtexit$$00000000           0x0800017a   Section        2  rtexit.o(.ARM.Collect$$rtexit$$00000000)
    .ARM.Collect$$rtexit$$00000002           0x0800017c   Section        0  rtexit2.o(.ARM.Collect$$rtexit$$00000002)
    .ARM.Collect$$rtexit$$00000003           0x0800017c   Section        4  rtexit2.o(.ARM.Collect$$rtexit$$00000003)
    .ARM.Collect$$rtexit$$00000004           0x08000180   Section        6  rtexit2.o(.ARM.Collect$$rtexit$$00000004)
    .text                                    0x08000188   Section       56  startup_stm32f10x_md.o(.text)
    .text                                    0x080001c0   Section       78  rt_memclr_w.o(.text)
    .text                                    0x0800020e   Section        0  heapauxi.o(.text)
    .text                                    0x08000214   Section       74  sys_stackheap_outer.o(.text)
    .text                                    0x0800025e   Section        0  exit.o(.text)
    .text                                    0x08000270   Section        8  libspace.o(.text)
    .text                                    0x08000278   Section        0  sys_exit.o(.text)
    .text                                    0x08000284   Section        2  use_no_semi.o(.text)
    .text                                    0x08000286   Section        0  indicate_semi.o(.text)
    _IQ24cosPU                               0x08000288   Section      128  IQNcosPU.o(_IQ24cosPU)
    _IQ24mpy                                 0x08000308   Section       16  IQNmpy.o(_IQ24mpy)
    _IQ24sinPU                               0x08000318   Section      124  IQNsinPU.o(_IQ24sinPU)
    _IQ24toF                                 0x08000394   Section       36  IQNtoF.o(_IQ24toF)
    i.BusFault_Handler                       0x080003b8   Section        0  stm32f1xx_it.o(i.BusFault_Handler)
    i.CCRCalculate                           0x080003ba   Section        0  foc.o(i.CCRCalculate)
    i.DebugMon_Handler                       0x080004bc   Section        0  stm32f1xx_it.o(i.DebugMon_Handler)
    i.Error_Handler                          0x080004be   Section        0  main.o(i.Error_Handler)
    i.HAL_GPIO_Init                          0x080004c4   Section        0  stm32f1xx_hal_gpio.o(i.HAL_GPIO_Init)
    i.HAL_GPIO_WritePin                      0x080006a4   Section        0  stm32f1xx_hal_gpio.o(i.HAL_GPIO_WritePin)
    i.HAL_GetTick                            0x080006b0   Section        0  stm32f1xx_hal.o(i.HAL_GetTick)
    i.HAL_IncTick                            0x080006bc   Section        0  stm32f1xx_hal.o(i.HAL_IncTick)
    i.HAL_Init                               0x080006cc   Section        0  stm32f1xx_hal.o(i.HAL_Init)
    i.HAL_InitTick                           0x080006f0   Section        0  stm32f1xx_hal.o(i.HAL_InitTick)
    i.HAL_MspInit                            0x08000730   Section        0  stm32f1xx_hal_msp.o(i.HAL_MspInit)
    i.HAL_NVIC_EnableIRQ                     0x0800076c   Section        0  stm32f1xx_hal_cortex.o(i.HAL_NVIC_EnableIRQ)
    i.HAL_NVIC_SetPriority                   0x08000788   Section        0  stm32f1xx_hal_cortex.o(i.HAL_NVIC_SetPriority)
    i.HAL_NVIC_SetPriorityGrouping           0x080007c8   Section        0  stm32f1xx_hal_cortex.o(i.HAL_NVIC_SetPriorityGrouping)
    i.HAL_RCC_ClockConfig                    0x080007ec   Section        0  stm32f1xx_hal_rcc.o(i.HAL_RCC_ClockConfig)
    i.HAL_RCC_GetSysClockFreq                0x08000918   Section        0  stm32f1xx_hal_rcc.o(i.HAL_RCC_GetSysClockFreq)
    i.HAL_RCC_OscConfig                      0x08000964   Section        0  stm32f1xx_hal_rcc.o(i.HAL_RCC_OscConfig)
    i.HAL_SYSTICK_Config                     0x08000c84   Section        0  stm32f1xx_hal_cortex.o(i.HAL_SYSTICK_Config)
    i.HAL_TIMEx_BreakCallback                0x08000cac   Section        0  stm32f1xx_hal_tim_ex.o(i.HAL_TIMEx_BreakCallback)
    i.HAL_TIMEx_CommutCallback               0x08000cae   Section        0  stm32f1xx_hal_tim_ex.o(i.HAL_TIMEx_CommutCallback)
    i.HAL_TIMEx_ConfigBreakDeadTime          0x08000cb0   Section        0  stm32f1xx_hal_tim_ex.o(i.HAL_TIMEx_ConfigBreakDeadTime)
    i.HAL_TIMEx_MasterConfigSynchronization  0x08000d04   Section        0  stm32f1xx_hal_tim_ex.o(i.HAL_TIMEx_MasterConfigSynchronization)
    i.HAL_TIM_Base_Init                      0x08000d6c   Section        0  stm32f1xx_hal_tim.o(i.HAL_TIM_Base_Init)
    i.HAL_TIM_Base_MspInit                   0x08000dc8   Section        0  tim.o(i.HAL_TIM_Base_MspInit)
    i.HAL_TIM_Base_Start_IT                  0x08000e18   Section        0  stm32f1xx_hal_tim.o(i.HAL_TIM_Base_Start_IT)
    i.HAL_TIM_ConfigClockSource              0x08000e70   Section        0  stm32f1xx_hal_tim.o(i.HAL_TIM_ConfigClockSource)
    i.HAL_TIM_IC_CaptureCallback             0x08000f4c   Section        0  stm32f1xx_hal_tim.o(i.HAL_TIM_IC_CaptureCallback)
    i.HAL_TIM_IRQHandler                     0x08000f4e   Section        0  stm32f1xx_hal_tim.o(i.HAL_TIM_IRQHandler)
    i.HAL_TIM_MspPostInit                    0x080010b4   Section        0  tim.o(i.HAL_TIM_MspPostInit)
    i.HAL_TIM_OC_DelayElapsedCallback        0x08001100   Section        0  stm32f1xx_hal_tim.o(i.HAL_TIM_OC_DelayElapsedCallback)
    i.HAL_TIM_PWM_ConfigChannel              0x08001102   Section        0  stm32f1xx_hal_tim.o(i.HAL_TIM_PWM_ConfigChannel)
    i.HAL_TIM_PWM_Init                       0x080011ce   Section        0  stm32f1xx_hal_tim.o(i.HAL_TIM_PWM_Init)
    i.HAL_TIM_PWM_MspInit                    0x08001228   Section        0  stm32f1xx_hal_tim.o(i.HAL_TIM_PWM_MspInit)
    i.HAL_TIM_PWM_PulseFinishedCallback      0x0800122a   Section        0  stm32f1xx_hal_tim.o(i.HAL_TIM_PWM_PulseFinishedCallback)
    i.HAL_TIM_PWM_Start                      0x0800122c   Section        0  stm32f1xx_hal_tim.o(i.HAL_TIM_PWM_Start)
    i.HAL_TIM_PeriodElapsedCallback          0x080012c8   Section        0  main.o(i.HAL_TIM_PeriodElapsedCallback)
    i.HAL_TIM_TriggerCallback                0x0800130c   Section        0  stm32f1xx_hal_tim.o(i.HAL_TIM_TriggerCallback)
    i.HardFault_Handler                      0x0800130e   Section        0  stm32f1xx_it.o(i.HardFault_Handler)
    i.MX_GPIO_Init                           0x08001310   Section        0  gpio.o(i.MX_GPIO_Init)
    i.MX_TIM1_Init                           0x08001380   Section        0  tim.o(i.MX_TIM1_Init)
    i.MX_TIM2_Init                           0x08001470   Section        0  tim.o(i.MX_TIM2_Init)
    i.MemManage_Handler                      0x080014d4   Section        0  stm32f1xx_it.o(i.MemManage_Handler)
    i.NMI_Handler                            0x080014d6   Section        0  stm32f1xx_it.o(i.NMI_Handler)
    i.PendSV_Handler                         0x080014d8   Section        0  stm32f1xx_it.o(i.PendSV_Handler)
    i.RevPark                                0x080014da   Section        0  foc.o(i.RevPark)
    i.SVC_Handler                            0x08001552   Section        0  stm32f1xx_it.o(i.SVC_Handler)
    i.SectorJudge                            0x08001554   Section        0  foc.o(i.SectorJudge)
    i.Svpwm                                  0x080015cc   Section        0  foc.o(i.Svpwm)
    i.SysTick_Handler                        0x08001640   Section        0  stm32f1xx_it.o(i.SysTick_Handler)
    i.SystemClock_Config                     0x08001644   Section        0  main.o(i.SystemClock_Config)
    i.TIM2_IRQHandler                        0x080016a4   Section        0  stm32f1xx_it.o(i.TIM2_IRQHandler)
    i.TIM_Base_SetConfig                     0x080016b0   Section        0  stm32f1xx_hal_tim.o(i.TIM_Base_SetConfig)
    i.TIM_CCxChannelCmd                      0x0800171c   Section        0  stm32f1xx_hal_tim.o(i.TIM_CCxChannelCmd)
    i.TIM_ETR_SetConfig                      0x08001736   Section        0  stm32f1xx_hal_tim.o(i.TIM_ETR_SetConfig)
    i.TIM_ITRx_SetConfig                     0x0800174a   Section        0  stm32f1xx_hal_tim.o(i.TIM_ITRx_SetConfig)
    TIM_ITRx_SetConfig                       0x0800174b   Thumb Code    16  stm32f1xx_hal_tim.o(i.TIM_ITRx_SetConfig)
    i.TIM_OC1_SetConfig                      0x0800175c   Section        0  stm32f1xx_hal_tim.o(i.TIM_OC1_SetConfig)
    TIM_OC1_SetConfig                        0x0800175d   Thumb Code    74  stm32f1xx_hal_tim.o(i.TIM_OC1_SetConfig)
    i.TIM_OC2_SetConfig                      0x080017ac   Section        0  stm32f1xx_hal_tim.o(i.TIM_OC2_SetConfig)
    i.TIM_OC3_SetConfig                      0x08001804   Section        0  stm32f1xx_hal_tim.o(i.TIM_OC3_SetConfig)
    TIM_OC3_SetConfig                        0x08001805   Thumb Code    82  stm32f1xx_hal_tim.o(i.TIM_OC3_SetConfig)
    i.TIM_OC4_SetConfig                      0x0800185c   Section        0  stm32f1xx_hal_tim.o(i.TIM_OC4_SetConfig)
    TIM_OC4_SetConfig                        0x0800185d   Thumb Code    64  stm32f1xx_hal_tim.o(i.TIM_OC4_SetConfig)
    i.TIM_TI1_ConfigInputStage               0x080018a0   Section        0  stm32f1xx_hal_tim.o(i.TIM_TI1_ConfigInputStage)
    TIM_TI1_ConfigInputStage                 0x080018a1   Thumb Code    34  stm32f1xx_hal_tim.o(i.TIM_TI1_ConfigInputStage)
    i.TIM_TI2_ConfigInputStage               0x080018c2   Section        0  stm32f1xx_hal_tim.o(i.TIM_TI2_ConfigInputStage)
    TIM_TI2_ConfigInputStage                 0x080018c3   Thumb Code    36  stm32f1xx_hal_tim.o(i.TIM_TI2_ConfigInputStage)
    i.UsageFault_Handler                     0x080018e6   Section        0  stm32f1xx_it.o(i.UsageFault_Handler)
    i.VectorActiontime                       0x080018e8   Section        0  foc.o(i.VectorActiontime)
    i.__NVIC_SetPriority                     0x080019f4   Section        0  stm32f1xx_hal_cortex.o(i.__NVIC_SetPriority)
    __NVIC_SetPriority                       0x080019f5   Thumb Code    32  stm32f1xx_hal_cortex.o(i.__NVIC_SetPriority)
    i.main                                   0x08001a14   Section        0  main.o(i.main)
    sincos_table                             0x08001a74   Section     2052  IQtables.o(sincos_table)
    x$fpl$ddiv                               0x08002278   Section      688  ddiv.o(x$fpl$ddiv)
    ddiv_entry                               0x0800227f   Thumb Code     0  ddiv.o(x$fpl$ddiv)
    x$fpl$dfixu                              0x08002528   Section       90  dfixu.o(x$fpl$dfixu)
    x$fpl$dfltu                              0x08002582   Section       38  dflt_clz.o(x$fpl$dfltu)
    x$fpl$dmul                               0x080025a8   Section      340  dmul.o(x$fpl$dmul)
    x$fpl$dnaninf                            0x080026fc   Section      156  dnaninf.o(x$fpl$dnaninf)
    x$fpl$dretinf                            0x08002798   Section       12  dretinf.o(x$fpl$dretinf)
    x$fpl$fadd                               0x080027a4   Section      196  faddsub_clz.o(x$fpl$fadd)
    _fadd1                                   0x080027b3   Thumb Code     0  faddsub_clz.o(x$fpl$fadd)
    x$fpl$fcheck1                            0x08002868   Section       12  fcheck1.o(x$fpl$fcheck1)
    x$fpl$fcmpinf                            0x08002874   Section       24  fcmpi.o(x$fpl$fcmpinf)
    x$fpl$fdiv                               0x0800288c   Section      388  fdiv.o(x$fpl$fdiv)
    _fdiv1                                   0x0800288d   Thumb Code     0  fdiv.o(x$fpl$fdiv)
    x$fpl$ffix                               0x08002a10   Section       54  ffix.o(x$fpl$ffix)
    x$fpl$ffixu                              0x08002a48   Section       62  ffixu.o(x$fpl$ffixu)
    x$fpl$ffltu                              0x08002a88   Section       38  fflt_clz.o(x$fpl$ffltu)
    x$fpl$fleqf                              0x08002ab0   Section      104  fleqf.o(x$fpl$fleqf)
    x$fpl$fmul                               0x08002b18   Section      258  fmul.o(x$fpl$fmul)
    x$fpl$fnaninf                            0x08002c1a   Section      140  fnaninf.o(x$fpl$fnaninf)
    x$fpl$fretinf                            0x08002ca6   Section       10  fretinf.o(x$fpl$fretinf)
    x$fpl$fsub                               0x08002cb0   Section      234  faddsub_clz.o(x$fpl$fsub)
    _fsub1                                   0x08002cbf   Thumb Code     0  faddsub_clz.o(x$fpl$fsub)
    x$fpl$retnan                             0x08002d9a   Section      100  retnan.o(x$fpl$retnan)
    x$fpl$scalbnf                            0x08002dfe   Section       76  scalbnf.o(x$fpl$scalbnf)
    x$fpl$trapveneer                         0x08002e4a   Section       48  trapv.o(x$fpl$trapveneer)
    .constdata                               0x08002e7a   Section       18  stm32f1xx_hal_rcc.o(.constdata)
    x$fpl$usenofp                            0x08002e7a   Section        0  usenofp.o(x$fpl$usenofp)
    aPredivFactorTable                       0x08002e7a   Data           2  stm32f1xx_hal_rcc.o(.constdata)
    aPLLMULFactorTable                       0x08002e7c   Data          16  stm32f1xx_hal_rcc.o(.constdata)
    .constdata                               0x08002e8c   Section       16  system_stm32f1xx.o(.constdata)
    .data                                    0x20000000   Section        4  main.o(.data)
    theta                                    0x20000000   Data           4  main.o(.data)
    .data                                    0x20000004   Section       12  stm32f1xx_hal.o(.data)
    .data                                    0x20000010   Section        4  system_stm32f1xx.o(.data)
    .bss                                     0x20000014   Section      144  tim.o(.bss)
    .bss                                     0x200000a4   Section       96  libspace.o(.bss)
    HEAP                                     0x20000108   Section      512  startup_stm32f10x_md.o(HEAP)
    Heap_Mem                                 0x20000108   Data         512  startup_stm32f10x_md.o(HEAP)
    STACK                                    0x20000308   Section     1024  startup_stm32f10x_md.o(STACK)
    Stack_Mem                                0x20000308   Data        1024  startup_stm32f10x_md.o(STACK)
    __initial_sp                             0x20000708   Data           0  startup_stm32f10x_md.o(STACK)

    Global Symbols

    Symbol Name                              Value     Ov Type        Size  Object(Section)

    BuildAttributes$$THM_ISAv4$P$D$K$B$S$PE$A:L22UL41UL21$X:L11$S22US41US21$IEEE1$IW$USESV6$~STKCKD$USESV7$~SHL$OSPACE$ROPI$EBA8$UX$STANDARDLIB$REQ8$PRES8$EABIv2 0x00000000   Number         0  anon$$obj.o ABSOLUTE
    __ARM_use_no_argv                        0x00000000   Number         0  main.o ABSOLUTE
    __ARM_exceptions_init                     - Undefined Weak Reference
    __alloca_initialize                       - Undefined Weak Reference
    __arm_fini_                               - Undefined Weak Reference
    __arm_preinit_                            - Undefined Weak Reference
    __cpp_initialize__aeabi_                  - Undefined Weak Reference
    __cxa_finalize                            - Undefined Weak Reference
    __rt_locale                               - Undefined Weak Reference
    __sigvec_lookup                           - Undefined Weak Reference
    _atexit_init                              - Undefined Weak Reference
    _call_atexit_fns                          - Undefined Weak Reference
    _clock_init                               - Undefined Weak Reference
    _fp_trap_init                             - Undefined Weak Reference
    _fp_trap_shutdown                         - Undefined Weak Reference
    _get_lc_collate                           - Undefined Weak Reference
    _get_lc_ctype                             - Undefined Weak Reference
    _get_lc_monetary                          - Undefined Weak Reference
    _get_lc_numeric                           - Undefined Weak Reference
    _get_lc_time                              - Undefined Weak Reference
    _getenv_init                              - Undefined Weak Reference
    _handle_redirection                       - Undefined Weak Reference
    _init_alloc                               - Undefined Weak Reference
    _init_user_alloc                          - Undefined Weak Reference
    _initio                                   - Undefined Weak Reference
    _rand_init                                - Undefined Weak Reference
    _signal_finish                            - Undefined Weak Reference
    _signal_init                              - Undefined Weak Reference
    _terminate_alloc                          - Undefined Weak Reference
    _terminate_user_alloc                     - Undefined Weak Reference
    _terminateio                              - Undefined Weak Reference
    __Vectors_Size                           0x000000ec   Number         0  startup_stm32f10x_md.o ABSOLUTE
    __Vectors                                0x08000000   Data           4  startup_stm32f10x_md.o(RESET)
    __Vectors_End                            0x080000ec   Data           0  startup_stm32f10x_md.o(RESET)
    __main                                   0x080000ed   Thumb Code     8  __main.o(!!!main)
    __scatterload                            0x080000f5   Thumb Code     0  __scatter.o(!!!scatter)
    __scatterload_rt2                        0x080000f5   Thumb Code    44  __scatter.o(!!!scatter)
    __scatterload_rt2_thumb_only             0x080000f5   Thumb Code     0  __scatter.o(!!!scatter)
    __scatterload_null                       0x08000103   Thumb Code     0  __scatter.o(!!!scatter)
    __scatterload_copy                       0x08000129   Thumb Code    26  __scatter_copy.o(!!handler_copy)
    __scatterload_zeroinit                   0x08000145   Thumb Code    28  __scatter_zi.o(!!handler_zi)
    __rt_lib_init                            0x08000161   Thumb Code     0  libinit.o(.ARM.Collect$$libinit$$00000000)
    __rt_lib_init_alloca_1                   0x08000163   Thumb Code     0  libinit2.o(.ARM.Collect$$libinit$$0000002E)
    __rt_lib_init_argv_1                     0x08000163   Thumb Code     0  libinit2.o(.ARM.Collect$$libinit$$0000002C)
    __rt_lib_init_atexit_1                   0x08000163   Thumb Code     0  libinit2.o(.ARM.Collect$$libinit$$0000001B)
    __rt_lib_init_clock_1                    0x08000163   Thumb Code     0  libinit2.o(.ARM.Collect$$libinit$$00000021)
    __rt_lib_init_cpp_1                      0x08000163   Thumb Code     0  libinit2.o(.ARM.Collect$$libinit$$00000032)
    __rt_lib_init_exceptions_1               0x08000163   Thumb Code     0  libinit2.o(.ARM.Collect$$libinit$$00000030)
    __rt_lib_init_fp_1                       0x08000163   Thumb Code     0  libinit2.o(.ARM.Collect$$libinit$$00000002)
    __rt_lib_init_fp_trap_1                  0x08000163   Thumb Code     0  libinit2.o(.ARM.Collect$$libinit$$0000001F)
    __rt_lib_init_getenv_1                   0x08000163   Thumb Code     0  libinit2.o(.ARM.Collect$$libinit$$00000023)
    __rt_lib_init_heap_1                     0x08000163   Thumb Code     0  libinit2.o(.ARM.Collect$$libinit$$0000000A)
    __rt_lib_init_lc_collate_1               0x08000163   Thumb Code     0  libinit2.o(.ARM.Collect$$libinit$$00000011)
    __rt_lib_init_lc_ctype_1                 0x08000163   Thumb Code     0  libinit2.o(.ARM.Collect$$libinit$$00000013)
    __rt_lib_init_lc_monetary_1              0x08000163   Thumb Code     0  libinit2.o(.ARM.Collect$$libinit$$00000015)
    __rt_lib_init_lc_numeric_1               0x08000163   Thumb Code     0  libinit2.o(.ARM.Collect$$libinit$$00000017)
    __rt_lib_init_lc_time_1                  0x08000163   Thumb Code     0  libinit2.o(.ARM.Collect$$libinit$$00000019)
    __rt_lib_init_preinit_1                  0x08000163   Thumb Code     0  libinit2.o(.ARM.Collect$$libinit$$00000004)
    __rt_lib_init_rand_1                     0x08000163   Thumb Code     0  libinit2.o(.ARM.Collect$$libinit$$0000000E)
    __rt_lib_init_return                     0x08000163   Thumb Code     0  libinit2.o(.ARM.Collect$$libinit$$00000033)
    __rt_lib_init_signal_1                   0x08000163   Thumb Code     0  libinit2.o(.ARM.Collect$$libinit$$0000001D)
    __rt_lib_init_stdio_1                    0x08000163   Thumb Code     0  libinit2.o(.ARM.Collect$$libinit$$00000025)
    __rt_lib_init_user_alloc_1               0x08000163   Thumb Code     0  libinit2.o(.ARM.Collect$$libinit$$0000000C)
    __rt_lib_shutdown                        0x08000165   Thumb Code     0  libshutdown.o(.ARM.Collect$$libshutdown$$00000000)
    __rt_lib_shutdown_cpp_1                  0x08000167   Thumb Code     0  libshutdown2.o(.ARM.Collect$$libshutdown$$00000004)
    __rt_lib_shutdown_fini_1                 0x08000167   Thumb Code     0  libshutdown2.o(.ARM.Collect$$libshutdown$$00000002)
    __rt_lib_shutdown_fp_trap_1              0x08000167   Thumb Code     0  libshutdown2.o(.ARM.Collect$$libshutdown$$00000009)
    __rt_lib_shutdown_heap_1                 0x08000167   Thumb Code     0  libshutdown2.o(.ARM.Collect$$libshutdown$$00000011)
    __rt_lib_shutdown_return                 0x08000167   Thumb Code     0  libshutdown2.o(.ARM.Collect$$libshutdown$$00000012)
    __rt_lib_shutdown_signal_1               0x08000167   Thumb Code     0  libshutdown2.o(.ARM.Collect$$libshutdown$$0000000C)
    __rt_lib_shutdown_stdio_1                0x08000167   Thumb Code     0  libshutdown2.o(.ARM.Collect$$libshutdown$$00000006)
    __rt_lib_shutdown_user_alloc_1           0x08000167   Thumb Code     0  libshutdown2.o(.ARM.Collect$$libshutdown$$0000000E)
    __rt_entry                               0x08000169   Thumb Code     0  __rtentry.o(.ARM.Collect$$rtentry$$00000000)
    __rt_entry_presh_1                       0x08000169   Thumb Code     0  __rtentry2.o(.ARM.Collect$$rtentry$$00000002)
    __rt_entry_sh                            0x08000169   Thumb Code     0  __rtentry4.o(.ARM.Collect$$rtentry$$00000004)
    __rt_entry_li                            0x0800016f   Thumb Code     0  __rtentry2.o(.ARM.Collect$$rtentry$$0000000A)
    __rt_entry_postsh_1                      0x0800016f   Thumb Code     0  __rtentry2.o(.ARM.Collect$$rtentry$$00000009)
    __rt_entry_main                          0x08000173   Thumb Code     0  __rtentry2.o(.ARM.Collect$$rtentry$$0000000D)
    __rt_entry_postli_1                      0x08000173   Thumb Code     0  __rtentry2.o(.ARM.Collect$$rtentry$$0000000C)
    __rt_exit                                0x0800017b   Thumb Code     0  rtexit.o(.ARM.Collect$$rtexit$$00000000)
    __rt_exit_ls                             0x0800017d   Thumb Code     0  rtexit2.o(.ARM.Collect$$rtexit$$00000003)
    __rt_exit_prels_1                        0x0800017d   Thumb Code     0  rtexit2.o(.ARM.Collect$$rtexit$$00000002)
    __rt_exit_exit                           0x08000181   Thumb Code     0  rtexit2.o(.ARM.Collect$$rtexit$$00000004)
    Reset_Handler                            0x08000189   Thumb Code     4  startup_stm32f10x_md.o(.text)
    ADC1_2_IRQHandler                        0x0800019f   Thumb Code     0  startup_stm32f10x_md.o(.text)
    CAN1_RX1_IRQHandler                      0x0800019f   Thumb Code     0  startup_stm32f10x_md.o(.text)
    CAN1_SCE_IRQHandler                      0x0800019f   Thumb Code     0  startup_stm32f10x_md.o(.text)
    DMA1_Channel1_IRQHandler                 0x0800019f   Thumb Code     0  startup_stm32f10x_md.o(.text)
    DMA1_Channel2_IRQHandler                 0x0800019f   Thumb Code     0  startup_stm32f10x_md.o(.text)
    DMA1_Channel3_IRQHandler                 0x0800019f   Thumb Code     0  startup_stm32f10x_md.o(.text)
    DMA1_Channel4_IRQHandler                 0x0800019f   Thumb Code     0  startup_stm32f10x_md.o(.text)
    DMA1_Channel5_IRQHandler                 0x0800019f   Thumb Code     0  startup_stm32f10x_md.o(.text)
    DMA1_Channel6_IRQHandler                 0x0800019f   Thumb Code     0  startup_stm32f10x_md.o(.text)
    DMA1_Channel7_IRQHandler                 0x0800019f   Thumb Code     0  startup_stm32f10x_md.o(.text)
    EXTI0_IRQHandler                         0x0800019f   Thumb Code     0  startup_stm32f10x_md.o(.text)
    EXTI15_10_IRQHandler                     0x0800019f   Thumb Code     0  startup_stm32f10x_md.o(.text)
    EXTI1_IRQHandler                         0x0800019f   Thumb Code     0  startup_stm32f10x_md.o(.text)
    EXTI2_IRQHandler                         0x0800019f   Thumb Code     0  startup_stm32f10x_md.o(.text)
    EXTI3_IRQHandler                         0x0800019f   Thumb Code     0  startup_stm32f10x_md.o(.text)
    EXTI4_IRQHandler                         0x0800019f   Thumb Code     0  startup_stm32f10x_md.o(.text)
    EXTI9_5_IRQHandler                       0x0800019f   Thumb Code     0  startup_stm32f10x_md.o(.text)
    FLASH_IRQHandler                         0x0800019f   Thumb Code     0  startup_stm32f10x_md.o(.text)
    I2C1_ER_IRQHandler                       0x0800019f   Thumb Code     0  startup_stm32f10x_md.o(.text)
    I2C1_EV_IRQHandler                       0x0800019f   Thumb Code     0  startup_stm32f10x_md.o(.text)
    I2C2_ER_IRQHandler                       0x0800019f   Thumb Code     0  startup_stm32f10x_md.o(.text)
    I2C2_EV_IRQHandler                       0x0800019f   Thumb Code     0  startup_stm32f10x_md.o(.text)
    PVD_IRQHandler                           0x0800019f   Thumb Code     0  startup_stm32f10x_md.o(.text)
    RCC_IRQHandler                           0x0800019f   Thumb Code     0  startup_stm32f10x_md.o(.text)
    RTCAlarm_IRQHandler                      0x0800019f   Thumb Code     0  startup_stm32f10x_md.o(.text)
    RTC_IRQHandler                           0x0800019f   Thumb Code     0  startup_stm32f10x_md.o(.text)
    SPI1_IRQHandler                          0x0800019f   Thumb Code     0  startup_stm32f10x_md.o(.text)
    SPI2_IRQHandler                          0x0800019f   Thumb Code     0  startup_stm32f10x_md.o(.text)
    TAMPER_IRQHandler                        0x0800019f   Thumb Code     0  startup_stm32f10x_md.o(.text)
    TIM1_BRK_IRQHandler                      0x0800019f   Thumb Code     0  startup_stm32f10x_md.o(.text)
    TIM1_CC_IRQHandler                       0x0800019f   Thumb Code     0  startup_stm32f10x_md.o(.text)
    TIM1_TRG_COM_IRQHandler                  0x0800019f   Thumb Code     0  startup_stm32f10x_md.o(.text)
    TIM1_UP_IRQHandler                       0x0800019f   Thumb Code     0  startup_stm32f10x_md.o(.text)
    TIM3_IRQHandler                          0x0800019f   Thumb Code     0  startup_stm32f10x_md.o(.text)
    TIM4_IRQHandler                          0x0800019f   Thumb Code     0  startup_stm32f10x_md.o(.text)
    USART1_IRQHandler                        0x0800019f   Thumb Code     0  startup_stm32f10x_md.o(.text)
    USART2_IRQHandler                        0x0800019f   Thumb Code     0  startup_stm32f10x_md.o(.text)
    USART3_IRQHandler                        0x0800019f   Thumb Code     0  startup_stm32f10x_md.o(.text)
    USBWakeUp_IRQHandler                     0x0800019f   Thumb Code     0  startup_stm32f10x_md.o(.text)
    USB_HP_CAN1_TX_IRQHandler                0x0800019f   Thumb Code     0  startup_stm32f10x_md.o(.text)
    USB_LP_CAN1_RX0_IRQHandler               0x0800019f   Thumb Code     0  startup_stm32f10x_md.o(.text)
    WWDG_IRQHandler                          0x0800019f   Thumb Code     0  startup_stm32f10x_md.o(.text)
    __user_initial_stackheap                 0x080001a1   Thumb Code     0  startup_stm32f10x_md.o(.text)
    __aeabi_memclr4                          0x080001c1   Thumb Code     0  rt_memclr_w.o(.text)
    __aeabi_memclr8                          0x080001c1   Thumb Code     0  rt_memclr_w.o(.text)
    __rt_memclr_w                            0x080001c1   Thumb Code    78  rt_memclr_w.o(.text)
    _memset_w                                0x080001c5   Thumb Code     0  rt_memclr_w.o(.text)
    __use_two_region_memory                  0x0800020f   Thumb Code     2  heapauxi.o(.text)
    __rt_heap_escrow$2region                 0x08000211   Thumb Code     2  heapauxi.o(.text)
    __rt_heap_expand$2region                 0x08000213   Thumb Code     2  heapauxi.o(.text)
    __user_setup_stackheap                   0x08000215   Thumb Code    74  sys_stackheap_outer.o(.text)
    exit                                     0x0800025f   Thumb Code    18  exit.o(.text)
    __user_libspace                          0x08000271   Thumb Code     8  libspace.o(.text)
    __user_perproc_libspace                  0x08000271   Thumb Code     0  libspace.o(.text)
    __user_perthread_libspace                0x08000271   Thumb Code     0  libspace.o(.text)
    _sys_exit                                0x08000279   Thumb Code     8  sys_exit.o(.text)
    __I$use$semihosting                      0x08000285   Thumb Code     0  use_no_semi.o(.text)
    __use_no_semihosting_swi                 0x08000285   Thumb Code     2  use_no_semi.o(.text)
    __semihosting_library_function           0x08000287   Thumb Code     0  indicate_semi.o(.text)
    _IQ24cosPU                               0x08000289   Thumb Code     0  IQNcosPU.o(_IQ24cosPU)
    _IQ24mpy                                 0x08000309   Thumb Code     0  IQNmpy.o(_IQ24mpy)
    _IQ24sinPU                               0x08000319   Thumb Code     0  IQNsinPU.o(_IQ24sinPU)
    _IQ24toF                                 0x08000395   Thumb Code     0  IQNtoF.o(_IQ24toF)
    BusFault_Handler                         0x080003b9   Thumb Code     2  stm32f1xx_it.o(i.BusFault_Handler)
    CCRCalculate                             0x080003bb   Thumb Code   258  foc.o(i.CCRCalculate)
    DebugMon_Handler                         0x080004bd   Thumb Code     2  stm32f1xx_it.o(i.DebugMon_Handler)
    Error_Handler                            0x080004bf   Thumb Code     4  main.o(i.Error_Handler)
    HAL_GPIO_Init                            0x080004c5   Thumb Code   446  stm32f1xx_hal_gpio.o(i.HAL_GPIO_Init)
    HAL_GPIO_WritePin                        0x080006a5   Thumb Code    10  stm32f1xx_hal_gpio.o(i.HAL_GPIO_WritePin)
    HAL_GetTick                              0x080006b1   Thumb Code     6  stm32f1xx_hal.o(i.HAL_GetTick)
    HAL_IncTick                              0x080006bd   Thumb Code    12  stm32f1xx_hal.o(i.HAL_IncTick)
    HAL_Init                                 0x080006cd   Thumb Code    32  stm32f1xx_hal.o(i.HAL_Init)
    HAL_InitTick                             0x080006f1   Thumb Code    54  stm32f1xx_hal.o(i.HAL_InitTick)
    HAL_MspInit                              0x08000731   Thumb Code    52  stm32f1xx_hal_msp.o(i.HAL_MspInit)
    HAL_NVIC_EnableIRQ                       0x0800076d   Thumb Code    26  stm32f1xx_hal_cortex.o(i.HAL_NVIC_EnableIRQ)
    HAL_NVIC_SetPriority                     0x08000789   Thumb Code    60  stm32f1xx_hal_cortex.o(i.HAL_NVIC_SetPriority)
    HAL_NVIC_SetPriorityGrouping             0x080007c9   Thumb Code    26  stm32f1xx_hal_cortex.o(i.HAL_NVIC_SetPriorityGrouping)
    HAL_RCC_ClockConfig                      0x080007ed   Thumb Code   280  stm32f1xx_hal_rcc.o(i.HAL_RCC_ClockConfig)
    HAL_RCC_GetSysClockFreq                  0x08000919   Thumb Code    58  stm32f1xx_hal_rcc.o(i.HAL_RCC_GetSysClockFreq)
    HAL_RCC_OscConfig                        0x08000965   Thumb Code   778  stm32f1xx_hal_rcc.o(i.HAL_RCC_OscConfig)
    HAL_SYSTICK_Config                       0x08000c85   Thumb Code    40  stm32f1xx_hal_cortex.o(i.HAL_SYSTICK_Config)
    HAL_TIMEx_BreakCallback                  0x08000cad   Thumb Code     2  stm32f1xx_hal_tim_ex.o(i.HAL_TIMEx_BreakCallback)
    HAL_TIMEx_CommutCallback                 0x08000caf   Thumb Code     2  stm32f1xx_hal_tim_ex.o(i.HAL_TIMEx_CommutCallback)
    HAL_TIMEx_ConfigBreakDeadTime            0x08000cb1   Thumb Code    84  stm32f1xx_hal_tim_ex.o(i.HAL_TIMEx_ConfigBreakDeadTime)
    HAL_TIMEx_MasterConfigSynchronization    0x08000d05   Thumb Code    92  stm32f1xx_hal_tim_ex.o(i.HAL_TIMEx_MasterConfigSynchronization)
    HAL_TIM_Base_Init                        0x08000d6d   Thumb Code    90  stm32f1xx_hal_tim.o(i.HAL_TIM_Base_Init)
    HAL_TIM_Base_MspInit                     0x08000dc9   Thumb Code    72  tim.o(i.HAL_TIM_Base_MspInit)
    HAL_TIM_Base_Start_IT                    0x08000e19   Thumb Code    76  stm32f1xx_hal_tim.o(i.HAL_TIM_Base_Start_IT)
    HAL_TIM_ConfigClockSource                0x08000e71   Thumb Code   220  stm32f1xx_hal_tim.o(i.HAL_TIM_ConfigClockSource)
    HAL_TIM_IC_CaptureCallback               0x08000f4d   Thumb Code     2  stm32f1xx_hal_tim.o(i.HAL_TIM_IC_CaptureCallback)
    HAL_TIM_IRQHandler                       0x08000f4f   Thumb Code   358  stm32f1xx_hal_tim.o(i.HAL_TIM_IRQHandler)
    HAL_TIM_MspPostInit                      0x080010b5   Thumb Code    64  tim.o(i.HAL_TIM_MspPostInit)
    HAL_TIM_OC_DelayElapsedCallback          0x08001101   Thumb Code     2  stm32f1xx_hal_tim.o(i.HAL_TIM_OC_DelayElapsedCallback)
    HAL_TIM_PWM_ConfigChannel                0x08001103   Thumb Code   204  stm32f1xx_hal_tim.o(i.HAL_TIM_PWM_ConfigChannel)
    HAL_TIM_PWM_Init                         0x080011cf   Thumb Code    90  stm32f1xx_hal_tim.o(i.HAL_TIM_PWM_Init)
    HAL_TIM_PWM_MspInit                      0x08001229   Thumb Code     2  stm32f1xx_hal_tim.o(i.HAL_TIM_PWM_MspInit)
    HAL_TIM_PWM_PulseFinishedCallback        0x0800122b   Thumb Code     2  stm32f1xx_hal_tim.o(i.HAL_TIM_PWM_PulseFinishedCallback)
    HAL_TIM_PWM_Start                        0x0800122d   Thumb Code   144  stm32f1xx_hal_tim.o(i.HAL_TIM_PWM_Start)
    HAL_TIM_PeriodElapsedCallback            0x080012c9   Thumb Code    52  main.o(i.HAL_TIM_PeriodElapsedCallback)
    HAL_TIM_TriggerCallback                  0x0800130d   Thumb Code     2  stm32f1xx_hal_tim.o(i.HAL_TIM_TriggerCallback)
    HardFault_Handler                        0x0800130f   Thumb Code     2  stm32f1xx_it.o(i.HardFault_Handler)
    MX_GPIO_Init                             0x08001311   Thumb Code   104  gpio.o(i.MX_GPIO_Init)
    MX_TIM1_Init                             0x08001381   Thumb Code   230  tim.o(i.MX_TIM1_Init)
    MX_TIM2_Init                             0x08001471   Thumb Code    92  tim.o(i.MX_TIM2_Init)
    MemManage_Handler                        0x080014d5   Thumb Code     2  stm32f1xx_it.o(i.MemManage_Handler)
    NMI_Handler                              0x080014d7   Thumb Code     2  stm32f1xx_it.o(i.NMI_Handler)
    PendSV_Handler                           0x080014d9   Thumb Code     2  stm32f1xx_it.o(i.PendSV_Handler)
    RevPark                                  0x080014db   Thumb Code   120  foc.o(i.RevPark)
    SVC_Handler                              0x08001553   Thumb Code     2  stm32f1xx_it.o(i.SVC_Handler)
    SectorJudge                              0x08001555   Thumb Code   114  foc.o(i.SectorJudge)
    Svpwm                                    0x080015cd   Thumb Code   112  foc.o(i.Svpwm)
    SysTick_Handler                          0x08001641   Thumb Code     4  stm32f1xx_it.o(i.SysTick_Handler)
    SystemClock_Config                       0x08001645   Thumb Code    96  main.o(i.SystemClock_Config)
    TIM2_IRQHandler                          0x080016a5   Thumb Code     6  stm32f1xx_it.o(i.TIM2_IRQHandler)
    TIM_Base_SetConfig                       0x080016b1   Thumb Code    94  stm32f1xx_hal_tim.o(i.TIM_Base_SetConfig)
    TIM_CCxChannelCmd                        0x0800171d   Thumb Code    26  stm32f1xx_hal_tim.o(i.TIM_CCxChannelCmd)
    TIM_ETR_SetConfig                        0x08001737   Thumb Code    20  stm32f1xx_hal_tim.o(i.TIM_ETR_SetConfig)
    TIM_OC2_SetConfig                        0x080017ad   Thumb Code    84  stm32f1xx_hal_tim.o(i.TIM_OC2_SetConfig)
    UsageFault_Handler                       0x080018e7   Thumb Code     2  stm32f1xx_it.o(i.UsageFault_Handler)
    VectorActiontime                         0x080018e9   Thumb Code   254  foc.o(i.VectorActiontime)
    main                                     0x08001a15   Thumb Code    84  main.o(i.main)
    sincos_table                             0x08001a74   Data           0  IQtables.o(sincos_table)
    __aeabi_ddiv                             0x08002279   Thumb Code     0  ddiv.o(x$fpl$ddiv)
    _ddiv                                    0x08002279   Thumb Code   552  ddiv.o(x$fpl$ddiv)
    __aeabi_d2uiz                            0x08002529   Thumb Code     0  dfixu.o(x$fpl$dfixu)
    _dfixu                                   0x08002529   Thumb Code    90  dfixu.o(x$fpl$dfixu)
    __aeabi_ui2d                             0x08002583   Thumb Code     0  dflt_clz.o(x$fpl$dfltu)
    _dfltu                                   0x08002583   Thumb Code    38  dflt_clz.o(x$fpl$dfltu)
    __aeabi_dmul                             0x080025a9   Thumb Code     0  dmul.o(x$fpl$dmul)
    _dmul                                    0x080025a9   Thumb Code   332  dmul.o(x$fpl$dmul)
    __fpl_dnaninf                            0x080026fd   Thumb Code   156  dnaninf.o(x$fpl$dnaninf)
    __fpl_dretinf                            0x08002799   Thumb Code    12  dretinf.o(x$fpl$dretinf)
    __aeabi_fadd                             0x080027a5   Thumb Code     0  faddsub_clz.o(x$fpl$fadd)
    _fadd                                    0x080027a5   Thumb Code   196  faddsub_clz.o(x$fpl$fadd)
    __fpl_fcheck_NaN1                        0x08002869   Thumb Code     6  fcheck1.o(x$fpl$fcheck1)
    __fpl_fcmp_Inf                           0x08002875   Thumb Code    24  fcmpi.o(x$fpl$fcmpinf)
    __aeabi_fdiv                             0x0800288d   Thumb Code     0  fdiv.o(x$fpl$fdiv)
    _fdiv                                    0x0800288d   Thumb Code   384  fdiv.o(x$fpl$fdiv)
    __aeabi_f2iz                             0x08002a11   Thumb Code     0  ffix.o(x$fpl$ffix)
    _ffix                                    0x08002a11   Thumb Code    54  ffix.o(x$fpl$ffix)
    __aeabi_f2uiz                            0x08002a49   Thumb Code     0  ffixu.o(x$fpl$ffixu)
    _ffixu                                   0x08002a49   Thumb Code    62  ffixu.o(x$fpl$ffixu)
    __aeabi_ui2f                             0x08002a89   Thumb Code     0  fflt_clz.o(x$fpl$ffltu)
    _ffltu                                   0x08002a89   Thumb Code    38  fflt_clz.o(x$fpl$ffltu)
    __aeabi_cfcmple                          0x08002ab1   Thumb Code     0  fleqf.o(x$fpl$fleqf)
    _fcmple                                  0x08002ab1   Thumb Code   104  fleqf.o(x$fpl$fleqf)
    __fpl_fcmple_InfNaN                      0x08002b03   Thumb Code     0  fleqf.o(x$fpl$fleqf)
    __aeabi_fmul                             0x08002b19   Thumb Code     0  fmul.o(x$fpl$fmul)
    _fmul                                    0x08002b19   Thumb Code   258  fmul.o(x$fpl$fmul)
    __fpl_fnaninf                            0x08002c1b   Thumb Code   140  fnaninf.o(x$fpl$fnaninf)
    __fpl_fretinf                            0x08002ca7   Thumb Code    10  fretinf.o(x$fpl$fretinf)
    __aeabi_fsub                             0x08002cb1   Thumb Code     0  faddsub_clz.o(x$fpl$fsub)
    _fsub                                    0x08002cb1   Thumb Code   234  faddsub_clz.o(x$fpl$fsub)
    __fpl_return_NaN                         0x08002d9b   Thumb Code   100  retnan.o(x$fpl$retnan)
    __ARM_scalbnf                            0x08002dff   Thumb Code    76  scalbnf.o(x$fpl$scalbnf)
    __fpl_cmpreturn                          0x08002e4b   Thumb Code    48  trapv.o(x$fpl$trapveneer)
    __I$use$fp                               0x08002e7a   Number         0  usenofp.o(x$fpl$usenofp)
    AHBPrescTable                            0x08002e8c   Data          16  system_stm32f1xx.o(.constdata)
    Region$$Table$$Base                      0x08002e9c   Number         0  anon$$obj.o(Region$$Table)
    Region$$Table$$Limit                     0x08002ebc   Number         0  anon$$obj.o(Region$$Table)
    uwTickFreq                               0x20000004   Data           1  stm32f1xx_hal.o(.data)
    uwTickPrio                               0x20000008   Data           4  stm32f1xx_hal.o(.data)
    uwTick                                   0x2000000c   Data           4  stm32f1xx_hal.o(.data)
    SystemCoreClock                          0x20000010   Data           4  system_stm32f1xx.o(.data)
    htim1                                    0x20000014   Data          72  tim.o(.bss)
    htim2                                    0x2000005c   Data          72  tim.o(.bss)
    __libspace_start                         0x200000a4   Data          96  libspace.o(.bss)
    __temporary_stack_top$libspace           0x20000104   Data           0  libspace.o(.bss)



==============================================================================

Memory Map of the image

  Image Entry point : 0x080000ed

  Load Region LR_IROM1 (Base: 0x08000000, Size: 0x00002ed0, Max: 0x00020000, ABSOLUTE)

    Execution Region ER_IROM1 (Exec base: 0x08000000, Load base: 0x08000000, Size: 0x00002ebc, Max: 0x00020000, ABSOLUTE)

    Exec Addr    Load Addr    Size         Type   Attr      Idx    E Section Name        Object

    0x08000000   0x08000000   0x000000ec   Data   RO         2448    RESET               startup_stm32f10x_md.o
    0x080000ec   0x080000ec   0x00000008   Code   RO         2877  * !!!main             c_w.l(__main.o)
    0x080000f4   0x080000f4   0x00000034   Code   RO         3099    !!!scatter          c_w.l(__scatter.o)
    0x08000128   0x08000128   0x0000001a   Code   RO         3101    !!handler_copy      c_w.l(__scatter_copy.o)
    0x08000142   0x08000142   0x00000002   PAD
    0x08000144   0x08000144   0x0000001c   Code   RO         3103    !!handler_zi        c_w.l(__scatter_zi.o)
    0x08000160   0x08000160   0x00000002   Code   RO         2965    .ARM.Collect$$libinit$$00000000  c_w.l(libinit.o)
    0x08000162   0x08000162   0x00000000   Code   RO         2974    .ARM.Collect$$libinit$$00000002  c_w.l(libinit2.o)
    0x08000162   0x08000162   0x00000000   Code   RO         2976    .ARM.Collect$$libinit$$00000004  c_w.l(libinit2.o)
    0x08000162   0x08000162   0x00000000   Code   RO         2979    .ARM.Collect$$libinit$$0000000A  c_w.l(libinit2.o)
    0x08000162   0x08000162   0x00000000   Code   RO         2981    .ARM.Collect$$libinit$$0000000C  c_w.l(libinit2.o)
    0x08000162   0x08000162   0x00000000   Code   RO         2983    .ARM.Collect$$libinit$$0000000E  c_w.l(libinit2.o)
    0x08000162   0x08000162   0x00000000   Code   RO         2986    .ARM.Collect$$libinit$$00000011  c_w.l(libinit2.o)
    0x08000162   0x08000162   0x00000000   Code   RO         2988    .ARM.Collect$$libinit$$00000013  c_w.l(libinit2.o)
    0x08000162   0x08000162   0x00000000   Code   RO         2990    .ARM.Collect$$libinit$$00000015  c_w.l(libinit2.o)
    0x08000162   0x08000162   0x00000000   Code   RO         2992    .ARM.Collect$$libinit$$00000017  c_w.l(libinit2.o)
    0x08000162   0x08000162   0x00000000   Code   RO         2994    .ARM.Collect$$libinit$$00000019  c_w.l(libinit2.o)
    0x08000162   0x08000162   0x00000000   Code   RO         2996    .ARM.Collect$$libinit$$0000001B  c_w.l(libinit2.o)
    0x08000162   0x08000162   0x00000000   Code   RO         2998    .ARM.Collect$$libinit$$0000001D  c_w.l(libinit2.o)
    0x08000162   0x08000162   0x00000000   Code   RO         3000    .ARM.Collect$$libinit$$0000001F  c_w.l(libinit2.o)
    0x08000162   0x08000162   0x00000000   Code   RO         3002    .ARM.Collect$$libinit$$00000021  c_w.l(libinit2.o)
    0x08000162   0x08000162   0x00000000   Code   RO         3004    .ARM.Collect$$libinit$$00000023  c_w.l(libinit2.o)
    0x08000162   0x08000162   0x00000000   Code   RO         3006    .ARM.Collect$$libinit$$00000025  c_w.l(libinit2.o)
    0x08000162   0x08000162   0x00000000   Code   RO         3010    .ARM.Collect$$libinit$$0000002C  c_w.l(libinit2.o)
    0x08000162   0x08000162   0x00000000   Code   RO         3012    .ARM.Collect$$libinit$$0000002E  c_w.l(libinit2.o)
    0x08000162   0x08000162   0x00000000   Code   RO         3014    .ARM.Collect$$libinit$$00000030  c_w.l(libinit2.o)
    0x08000162   0x08000162   0x00000000   Code   RO         3016    .ARM.Collect$$libinit$$00000032  c_w.l(libinit2.o)
    0x08000162   0x08000162   0x00000002   Code   RO         3017    .ARM.Collect$$libinit$$00000033  c_w.l(libinit2.o)
    0x08000164   0x08000164   0x00000002   Code   RO         3037    .ARM.Collect$$libshutdown$$00000000  c_w.l(libshutdown.o)
    0x08000166   0x08000166   0x00000000   Code   RO         3050    .ARM.Collect$$libshutdown$$00000002  c_w.l(libshutdown2.o)
    0x08000166   0x08000166   0x00000000   Code   RO         3052    .ARM.Collect$$libshutdown$$00000004  c_w.l(libshutdown2.o)
    0x08000166   0x08000166   0x00000000   Code   RO         3054    .ARM.Collect$$libshutdown$$00000006  c_w.l(libshutdown2.o)
    0x08000166   0x08000166   0x00000000   Code   RO         3057    .ARM.Collect$$libshutdown$$00000009  c_w.l(libshutdown2.o)
    0x08000166   0x08000166   0x00000000   Code   RO         3060    .ARM.Collect$$libshutdown$$0000000C  c_w.l(libshutdown2.o)
    0x08000166   0x08000166   0x00000000   Code   RO         3062    .ARM.Collect$$libshutdown$$0000000E  c_w.l(libshutdown2.o)
    0x08000166   0x08000166   0x00000000   Code   RO         3065    .ARM.Collect$$libshutdown$$00000011  c_w.l(libshutdown2.o)
    0x08000166   0x08000166   0x00000002   Code   RO         3066    .ARM.Collect$$libshutdown$$00000012  c_w.l(libshutdown2.o)
    0x08000168   0x08000168   0x00000000   Code   RO         2925    .ARM.Collect$$rtentry$$00000000  c_w.l(__rtentry.o)
    0x08000168   0x08000168   0x00000000   Code   RO         2940    .ARM.Collect$$rtentry$$00000002  c_w.l(__rtentry2.o)
    0x08000168   0x08000168   0x00000006   Code   RO         2952    .ARM.Collect$$rtentry$$00000004  c_w.l(__rtentry4.o)
    0x0800016e   0x0800016e   0x00000000   Code   RO         2942    .ARM.Collect$$rtentry$$00000009  c_w.l(__rtentry2.o)
    0x0800016e   0x0800016e   0x00000004   Code   RO         2943    .ARM.Collect$$rtentry$$0000000A  c_w.l(__rtentry2.o)
    0x08000172   0x08000172   0x00000000   Code   RO         2945    .ARM.Collect$$rtentry$$0000000C  c_w.l(__rtentry2.o)
    0x08000172   0x08000172   0x00000008   Code   RO         2946    .ARM.Collect$$rtentry$$0000000D  c_w.l(__rtentry2.o)
    0x0800017a   0x0800017a   0x00000002   Code   RO         2971    .ARM.Collect$$rtexit$$00000000  c_w.l(rtexit.o)
    0x0800017c   0x0800017c   0x00000000   Code   RO         3019    .ARM.Collect$$rtexit$$00000002  c_w.l(rtexit2.o)
    0x0800017c   0x0800017c   0x00000004   Code   RO         3020    .ARM.Collect$$rtexit$$00000003  c_w.l(rtexit2.o)
    0x08000180   0x08000180   0x00000006   Code   RO         3021    .ARM.Collect$$rtexit$$00000004  c_w.l(rtexit2.o)
    0x08000186   0x08000186   0x00000002   PAD
    0x08000188   0x08000188   0x00000038   Code   RO         2449    .text               startup_stm32f10x_md.o
    0x080001c0   0x080001c0   0x0000004e   Code   RO         2873    .text               c_w.l(rt_memclr_w.o)
    0x0800020e   0x0800020e   0x00000006   Code   RO         2875    .text               c_w.l(heapauxi.o)
    0x08000214   0x08000214   0x0000004a   Code   RO         2956    .text               c_w.l(sys_stackheap_outer.o)
    0x0800025e   0x0800025e   0x00000012   Code   RO         2958    .text               c_w.l(exit.o)
    0x08000270   0x08000270   0x00000008   Code   RO         2968    .text               c_w.l(libspace.o)
    0x08000278   0x08000278   0x0000000c   Code   RO         3029    .text               c_w.l(sys_exit.o)
    0x08000284   0x08000284   0x00000002   Code   RO         3040    .text               c_w.l(use_no_semi.o)
    0x08000286   0x08000286   0x00000000   Code   RO         3042    .text               c_w.l(indicate_semi.o)
    0x08000286   0x08000286   0x00000002   PAD
    0x08000288   0x08000288   0x00000080   Code   RO         2514    _IQ24cosPU          IQmathLib-cm3.lib(IQNcosPU.o)
    0x08000308   0x08000308   0x00000010   Code   RO         2604    _IQ24mpy            IQmathLib-cm3.lib(IQNmpy.o)
    0x08000318   0x08000318   0x0000007c   Code   RO         2694    _IQ24sinPU          IQmathLib-cm3.lib(IQNsinPU.o)
    0x08000394   0x08000394   0x00000024   Code   RO         2784    _IQ24toF            IQmathLib-cm3.lib(IQNtoF.o)
    0x080003b8   0x080003b8   0x00000002   Code   RO          279    i.BusFault_Handler  stm32f1xx_it.o
    0x080003ba   0x080003ba   0x00000102   Code   RO            4    i.CCRCalculate      foc.o
    0x080004bc   0x080004bc   0x00000002   Code   RO          280    i.DebugMon_Handler  stm32f1xx_it.o
    0x080004be   0x080004be   0x00000004   Code   RO          155    i.Error_Handler     main.o
    0x080004c2   0x080004c2   0x00000002   PAD
    0x080004c4   0x080004c4   0x000001e0   Code   RO         1789    i.HAL_GPIO_Init     stm32f1xx_hal_gpio.o
    0x080006a4   0x080006a4   0x0000000a   Code   RO         1793    i.HAL_GPIO_WritePin  stm32f1xx_hal_gpio.o
    0x080006ae   0x080006ae   0x00000002   PAD
    0x080006b0   0x080006b0   0x0000000c   Code   RO         1483    i.HAL_GetTick       stm32f1xx_hal.o
    0x080006bc   0x080006bc   0x00000010   Code   RO         1489    i.HAL_IncTick       stm32f1xx_hal.o
    0x080006cc   0x080006cc   0x00000024   Code   RO         1490    i.HAL_Init          stm32f1xx_hal.o
    0x080006f0   0x080006f0   0x00000040   Code   RO         1491    i.HAL_InitTick      stm32f1xx_hal.o
    0x08000730   0x08000730   0x0000003c   Code   RO          439    i.HAL_MspInit       stm32f1xx_hal_msp.o
    0x0800076c   0x0800076c   0x0000001a   Code   RO         1949    i.HAL_NVIC_EnableIRQ  stm32f1xx_hal_cortex.o
    0x08000786   0x08000786   0x00000002   PAD
    0x08000788   0x08000788   0x00000040   Code   RO         1955    i.HAL_NVIC_SetPriority  stm32f1xx_hal_cortex.o
    0x080007c8   0x080007c8   0x00000024   Code   RO         1956    i.HAL_NVIC_SetPriorityGrouping  stm32f1xx_hal_cortex.o
    0x080007ec   0x080007ec   0x0000012c   Code   RO         1647    i.HAL_RCC_ClockConfig  stm32f1xx_hal_rcc.o
    0x08000918   0x08000918   0x0000004c   Code   RO         1656    i.HAL_RCC_GetSysClockFreq  stm32f1xx_hal_rcc.o
    0x08000964   0x08000964   0x00000320   Code   RO         1659    i.HAL_RCC_OscConfig  stm32f1xx_hal_rcc.o
    0x08000c84   0x08000c84   0x00000028   Code   RO         1960    i.HAL_SYSTICK_Config  stm32f1xx_hal_cortex.o
    0x08000cac   0x08000cac   0x00000002   Code   RO         1205    i.HAL_TIMEx_BreakCallback  stm32f1xx_hal_tim_ex.o
    0x08000cae   0x08000cae   0x00000002   Code   RO         1206    i.HAL_TIMEx_CommutCallback  stm32f1xx_hal_tim_ex.o
    0x08000cb0   0x08000cb0   0x00000054   Code   RO         1208    i.HAL_TIMEx_ConfigBreakDeadTime  stm32f1xx_hal_tim_ex.o
    0x08000d04   0x08000d04   0x00000068   Code   RO         1224    i.HAL_TIMEx_MasterConfigSynchronization  stm32f1xx_hal_tim_ex.o
    0x08000d6c   0x08000d6c   0x0000005a   Code   RO          501    i.HAL_TIM_Base_Init  stm32f1xx_hal_tim.o
    0x08000dc6   0x08000dc6   0x00000002   PAD
    0x08000dc8   0x08000dc8   0x00000050   Code   RO          226    i.HAL_TIM_Base_MspInit  tim.o
    0x08000e18   0x08000e18   0x00000058   Code   RO          506    i.HAL_TIM_Base_Start_IT  stm32f1xx_hal_tim.o
    0x08000e70   0x08000e70   0x000000dc   Code   RO          510    i.HAL_TIM_ConfigClockSource  stm32f1xx_hal_tim.o
    0x08000f4c   0x08000f4c   0x00000002   Code   RO          535    i.HAL_TIM_IC_CaptureCallback  stm32f1xx_hal_tim.o
    0x08000f4e   0x08000f4e   0x00000166   Code   RO          549    i.HAL_TIM_IRQHandler  stm32f1xx_hal_tim.o
    0x080010b4   0x080010b4   0x0000004c   Code   RO          227    i.HAL_TIM_MspPostInit  tim.o
    0x08001100   0x08001100   0x00000002   Code   RO          552    i.HAL_TIM_OC_DelayElapsedCallback  stm32f1xx_hal_tim.o
    0x08001102   0x08001102   0x000000cc   Code   RO          573    i.HAL_TIM_PWM_ConfigChannel  stm32f1xx_hal_tim.o
    0x080011ce   0x080011ce   0x0000005a   Code   RO          576    i.HAL_TIM_PWM_Init  stm32f1xx_hal_tim.o
    0x08001228   0x08001228   0x00000002   Code   RO          578    i.HAL_TIM_PWM_MspInit  stm32f1xx_hal_tim.o
    0x0800122a   0x0800122a   0x00000002   Code   RO          579    i.HAL_TIM_PWM_PulseFinishedCallback  stm32f1xx_hal_tim.o
    0x0800122c   0x0800122c   0x0000009c   Code   RO          581    i.HAL_TIM_PWM_Start  stm32f1xx_hal_tim.o
    0x080012c8   0x080012c8   0x00000044   Code   RO          156    i.HAL_TIM_PeriodElapsedCallback  main.o
    0x0800130c   0x0800130c   0x00000002   Code   RO          592    i.HAL_TIM_TriggerCallback  stm32f1xx_hal_tim.o
    0x0800130e   0x0800130e   0x00000002   Code   RO          281    i.HardFault_Handler  stm32f1xx_it.o
    0x08001310   0x08001310   0x00000070   Code   RO          201    i.MX_GPIO_Init      gpio.o
    0x08001380   0x08001380   0x000000f0   Code   RO          228    i.MX_TIM1_Init      tim.o
    0x08001470   0x08001470   0x00000064   Code   RO          229    i.MX_TIM2_Init      tim.o
    0x080014d4   0x080014d4   0x00000002   Code   RO          282    i.MemManage_Handler  stm32f1xx_it.o
    0x080014d6   0x080014d6   0x00000002   Code   RO          283    i.NMI_Handler       stm32f1xx_it.o
    0x080014d8   0x080014d8   0x00000002   Code   RO          284    i.PendSV_Handler    stm32f1xx_it.o
    0x080014da   0x080014da   0x00000078   Code   RO            5    i.RevPark           foc.o
    0x08001552   0x08001552   0x00000002   Code   RO          285    i.SVC_Handler       stm32f1xx_it.o
    0x08001554   0x08001554   0x00000078   Code   RO            6    i.SectorJudge       foc.o
    0x080015cc   0x080015cc   0x00000074   Code   RO            7    i.Svpwm             foc.o
    0x08001640   0x08001640   0x00000004   Code   RO          286    i.SysTick_Handler   stm32f1xx_it.o
    0x08001644   0x08001644   0x00000060   Code   RO          157    i.SystemClock_Config  main.o
    0x080016a4   0x080016a4   0x0000000c   Code   RO          287    i.TIM2_IRQHandler   stm32f1xx_it.o
    0x080016b0   0x080016b0   0x0000006c   Code   RO          594    i.TIM_Base_SetConfig  stm32f1xx_hal_tim.o
    0x0800171c   0x0800171c   0x0000001a   Code   RO          595    i.TIM_CCxChannelCmd  stm32f1xx_hal_tim.o
    0x08001736   0x08001736   0x00000014   Code   RO          605    i.TIM_ETR_SetConfig  stm32f1xx_hal_tim.o
    0x0800174a   0x0800174a   0x00000010   Code   RO          606    i.TIM_ITRx_SetConfig  stm32f1xx_hal_tim.o
    0x0800175a   0x0800175a   0x00000002   PAD
    0x0800175c   0x0800175c   0x00000050   Code   RO          607    i.TIM_OC1_SetConfig  stm32f1xx_hal_tim.o
    0x080017ac   0x080017ac   0x00000058   Code   RO          608    i.TIM_OC2_SetConfig  stm32f1xx_hal_tim.o
    0x08001804   0x08001804   0x00000058   Code   RO          609    i.TIM_OC3_SetConfig  stm32f1xx_hal_tim.o
    0x0800185c   0x0800185c   0x00000044   Code   RO          610    i.TIM_OC4_SetConfig  stm32f1xx_hal_tim.o
    0x080018a0   0x080018a0   0x00000022   Code   RO          612    i.TIM_TI1_ConfigInputStage  stm32f1xx_hal_tim.o
    0x080018c2   0x080018c2   0x00000024   Code   RO          614    i.TIM_TI2_ConfigInputStage  stm32f1xx_hal_tim.o
    0x080018e6   0x080018e6   0x00000002   Code   RO          288    i.UsageFault_Handler  stm32f1xx_it.o
    0x080018e8   0x080018e8   0x0000010c   Code   RO            8    i.VectorActiontime  foc.o
    0x080019f4   0x080019f4   0x00000020   Code   RO         1962    i.__NVIC_SetPriority  stm32f1xx_hal_cortex.o
    0x08001a14   0x08001a14   0x00000060   Code   RO          158    i.main              main.o
    0x08001a74   0x08001a74   0x00000804   Code   RO         2856    sincos_table        IQmathLib-cm3.lib(IQtables.o)
    0x08002278   0x08002278   0x000002b0   Code   RO         2880    x$fpl$ddiv          fz_ws.l(ddiv.o)
    0x08002528   0x08002528   0x0000005a   Code   RO         2883    x$fpl$dfixu         fz_ws.l(dfixu.o)
    0x08002582   0x08002582   0x00000026   Code   RO         2887    x$fpl$dfltu         fz_ws.l(dflt_clz.o)
    0x080025a8   0x080025a8   0x00000154   Code   RO         2893    x$fpl$dmul          fz_ws.l(dmul.o)
    0x080026fc   0x080026fc   0x0000009c   Code   RO         2926    x$fpl$dnaninf       fz_ws.l(dnaninf.o)
    0x08002798   0x08002798   0x0000000c   Code   RO         2928    x$fpl$dretinf       fz_ws.l(dretinf.o)
    0x080027a4   0x080027a4   0x000000c4   Code   RO         2895    x$fpl$fadd          fz_ws.l(faddsub_clz.o)
    0x08002868   0x08002868   0x0000000c   Code   RO         2930    x$fpl$fcheck1       fz_ws.l(fcheck1.o)
    0x08002874   0x08002874   0x00000018   Code   RO         2932    x$fpl$fcmpinf       fz_ws.l(fcmpi.o)
    0x0800288c   0x0800288c   0x00000184   Code   RO         2902    x$fpl$fdiv          fz_ws.l(fdiv.o)
    0x08002a10   0x08002a10   0x00000036   Code   RO         2905    x$fpl$ffix          fz_ws.l(ffix.o)
    0x08002a46   0x08002a46   0x00000002   PAD
    0x08002a48   0x08002a48   0x0000003e   Code   RO         2909    x$fpl$ffixu         fz_ws.l(ffixu.o)
    0x08002a86   0x08002a86   0x00000002   PAD
    0x08002a88   0x08002a88   0x00000026   Code   RO         2913    x$fpl$ffltu         fz_ws.l(fflt_clz.o)
    0x08002aae   0x08002aae   0x00000002   PAD
    0x08002ab0   0x08002ab0   0x00000068   Code   RO         2919    x$fpl$fleqf         fz_ws.l(fleqf.o)
    0x08002b18   0x08002b18   0x00000102   Code   RO         2921    x$fpl$fmul          fz_ws.l(fmul.o)
    0x08002c1a   0x08002c1a   0x0000008c   Code   RO         2934    x$fpl$fnaninf       fz_ws.l(fnaninf.o)
    0x08002ca6   0x08002ca6   0x0000000a   Code   RO         2936    x$fpl$fretinf       fz_ws.l(fretinf.o)
    0x08002cb0   0x08002cb0   0x000000ea   Code   RO         2897    x$fpl$fsub          fz_ws.l(faddsub_clz.o)
    0x08002d9a   0x08002d9a   0x00000064   Code   RO         2954    x$fpl$retnan        fz_ws.l(retnan.o)
    0x08002dfe   0x08002dfe   0x0000004c   Code   RO         2923    x$fpl$scalbnf       fz_ws.l(scalbnf.o)
    0x08002e4a   0x08002e4a   0x00000030   Code   RO         2966    x$fpl$trapveneer    fz_ws.l(trapv.o)
    0x08002e7a   0x08002e7a   0x00000000   Code   RO         2938    x$fpl$usenofp       fz_ws.l(usenofp.o)
    0x08002e7a   0x08002e7a   0x00000012   Data   RO         1660    .constdata          stm32f1xx_hal_rcc.o
    0x08002e8c   0x08002e8c   0x00000010   Data   RO         2458    .constdata          system_stm32f1xx.o
    0x08002e9c   0x08002e9c   0x00000020   Data   RO         3097    Region$$Table       anon$$obj.o


    Execution Region RW_IRAM1 (Exec base: 0x20000000, Load base: 0x08002ebc, Size: 0x00000708, Max: 0x00005000, ABSOLUTE)

    Exec Addr    Load Addr    Size         Type   Attr      Idx    E Section Name        Object

    0x20000000   0x08002ebc   0x00000004   Data   RW          159    .data               main.o
    0x20000004   0x08002ec0   0x0000000c   Data   RW         1497    .data               stm32f1xx_hal.o
    0x20000010   0x08002ecc   0x00000004   Data   RW         2460    .data               system_stm32f1xx.o
    0x20000014        -       0x00000090   Zero   RW          230    .bss                tim.o
    0x200000a4        -       0x00000060   Zero   RW         2969    .bss                c_w.l(libspace.o)
    0x20000104   0x08002ed0   0x00000004   PAD
    0x20000108        -       0x00000200   Zero   RW         2447    HEAP                startup_stm32f10x_md.o
    0x20000308        -       0x00000400   Zero   RW         2446    STACK               startup_stm32f10x_md.o


==============================================================================

Image component sizes


      Code (inc. data)   RO Data    RW Data    ZI Data      Debug   Object Name

       882         40          0          0          0     435602   foc.o
       112          8          0          0          0        867   gpio.o
       264         28          0          4          0       2360   main.o
        56         22        236          0       1536        764   startup_stm32f10x_md.o
       128         24          0         12          0       5173   stm32f1xx_hal.o
       198         14          0          0          0      28839   stm32f1xx_hal_cortex.o
       490         34          0          0          0       2836   stm32f1xx_hal_gpio.o
        60          8          0          0          0        834   stm32f1xx_hal_msp.o
      1176         60         18          0          0       3922   stm32f1xx_hal_rcc.o
      1780         58          0          0          0      15638   stm32f1xx_hal_tim.o
       192         12          0          0          0       3109   stm32f1xx_hal_tim_ex.o
        32          6          0          0          0     416412   stm32f1xx_it.o
         0          0         16          4          0        654   system_stm32f1xx.o
       496         38          0          0        144       2981   tim.o

    ----------------------------------------------------------------------
      5876        352        302         20       1680     919991   Object Totals
         0          0         32          0          0          0   (incl. Generated)
        10          0          0          0          0          0   (incl. Padding)

    ----------------------------------------------------------------------

      Code (inc. data)   RO Data    RW Data    ZI Data      Debug   Library Member Name

       128         14          0          0          0        236   IQNcosPU.o
        16          2          0          0          0        188   IQNmpy.o
       124         14          0          0          0        232   IQNsinPU.o
        36          0          0          0          0        204   IQNtoF.o
      2052       2052          0          0          0        152   IQtables.o
         8          0          0          0          0         68   __main.o
         0          0          0          0          0          0   __rtentry.o
        12          0          0          0          0          0   __rtentry2.o
         6          0          0          0          0          0   __rtentry4.o
        52          8          0          0          0          0   __scatter.o
        26          0          0          0          0          0   __scatter_copy.o
        28          0          0          0          0          0   __scatter_zi.o
        18          0          0          0          0         80   exit.o
         6          0          0          0          0        152   heapauxi.o
         0          0          0          0          0          0   indicate_semi.o
         2          0          0          0          0          0   libinit.o
         2          0          0          0          0          0   libinit2.o
         2          0          0          0          0          0   libshutdown.o
         2          0          0          0          0          0   libshutdown2.o
         8          4          0          0         96         68   libspace.o
        78          0          0          0          0         80   rt_memclr_w.o
         2          0          0          0          0          0   rtexit.o
        10          0          0          0          0          0   rtexit2.o
        12          4          0          0          0         68   sys_exit.o
        74          0          0          0          0         80   sys_stackheap_outer.o
         2          0          0          0          0         68   use_no_semi.o
       688        140          0          0          0        208   ddiv.o
        90          4          0          0          0         92   dfixu.o
        38          0          0          0          0         68   dflt_clz.o
       340         12          0          0          0        104   dmul.o
       156          4          0          0          0         92   dnaninf.o
        12          0          0          0          0         68   dretinf.o
       430          8          0          0          0        168   faddsub_clz.o
        12          4          0          0          0         68   fcheck1.o
        24          0          0          0          0         68   fcmpi.o
       388         76          0          0          0         96   fdiv.o
        54          4          0          0          0         84   ffix.o
        62          4          0          0          0         84   ffixu.o
        38          0          0          0          0         68   fflt_clz.o
       104          4          0          0          0         84   fleqf.o
       258          4          0          0          0         84   fmul.o
       140          4          0          0          0         84   fnaninf.o
        10          0          0          0          0         68   fretinf.o
       100          0          0          0          0         68   retnan.o
        76          0          0          0          0         68   scalbnf.o
        48          0          0          0          0         68   trapv.o
         0          0          0          0          0          0   usenofp.o

    ----------------------------------------------------------------------
      5786       2366          0          0        100       3468   Library Totals
        12          0          0          0          4          0   (incl. Padding)

    ----------------------------------------------------------------------

      Code (inc. data)   RO Data    RW Data    ZI Data      Debug   Library Name

      2356       2082          0          0          0       1012   IQmathLib-cm3.lib
       350         16          0          0         96        664   c_w.l
      3068        268          0          0          0       1792   fz_ws.l

    ----------------------------------------------------------------------
      5786       2366          0          0        100       3468   Library Totals

    ----------------------------------------------------------------------

==============================================================================


      Code (inc. data)   RO Data    RW Data    ZI Data      Debug   

     11662       2718        302         20       1780     918983   Grand Totals
     11662       2718        302         20       1780     918983   ELF Image Totals
     11662       2718        302         20          0          0   ROM Totals

==============================================================================

    Total RO  Size (Code + RO Data)                11964 (  11.68kB)
    Total RW  Size (RW Data + ZI Data)              1800 (   1.76kB)
    Total ROM Size (Code + RO Data + RW Data)      11984 (  11.70kB)

==============================================================================

